src/hooks/useAuditLog.ts(23,31): error TS2339: Property 'id' does not exist on type 'never'.
src/hooks/useAuditLog.ts(24,33): error TS2339: Property 'role' does not exist on type 'never'.
src/pdi/components/educator-hub/interactions/PTILWizardForm.tsx(55,5): error TS2322: Type 'Resolver<{ meetingRequestedBy: "PARENT" | "TEACHER_LEADER"; meetingDate: string; meetingTime: string; parentName: string; parentEmail: string; team: string; teacherId: string; teacherEmail: string; ... 7 more ...; informationPassedTo?: string[] | undefined; }, any, { ...; }>' is not assignable to type 'Resolver<{ meetingRequestedBy: "PARENT" | "TEACHER_LEADER"; meetingDate: string; meetingTime: string; parentName: string; parentEmail: string; team: string; teacherId: string; teacherEmail: string; ... 7 more ...; remarks?: string | undefined; }, any, { ...; }>'.
  Types of parameters 'options' and 'options' are incompatible.
    Type 'ResolverOptions<{ meetingRequestedBy: "PARENT" | "TEACHER_LEADER"; meetingDate: string; meetingTime: string; parentName: string; parentEmail: string; team: string; teacherId: string; teacherEmail: string; ... 7 more ...; remarks?: string | undefined; }>' is not assignable to type 'ResolverOptions<{ meetingRequestedBy: "PARENT" | "TEACHER_LEADER"; meetingDate: string; meetingTime: string; parentName: string; parentEmail: string; team: string; teacherId: string; teacherEmail: string; ... 7 more ...; informationPassedTo?: string[] | undefined; }>'.
      Type 'boolean | undefined' is not assignable to type 'boolean'.
        Type 'undefined' is not assignable to type 'boolean'.
src/pdi/components/educator-hub/interactions/PTILWizardForm.tsx(115,61): error TS2345: Argument of type '(data: PTILWizardData) => Promise<void>' is not assignable to parameter of type 'SubmitHandler<TFieldValues>'.
  Types of parameters 'data' and 'data' are incompatible.
    Type 'TFieldValues' is not assignable to type '{ meetingRequestedBy: "PARENT" | "TEACHER_LEADER"; meetingDate: string; meetingTime: string; parentName: string; parentEmail: string; team: string; teacherId: string; teacherEmail: string; ... 7 more ...; remarks?: string | undefined; }'.
      Type 'FieldValues' is missing the following properties from type '{ meetingRequestedBy: "PARENT" | "TEACHER_LEADER"; meetingDate: string; meetingTime: string; parentName: string; parentEmail: string; team: string; teacherId: string; teacherEmail: string; ... 7 more ...; remarks?: string | undefined; }': meetingRequestedBy, meetingDate, meetingTime, parentName, and 11 more.
src/pdi/components/GoalSettingForm.tsx(61,9): error TS2353: Object literal may only specify known properties, and 'required_error' does not exist in type '{ error?: string | $ZodErrorMap<$ZodIssueInvalidType<unknown>> | undefined; message?: string | undefined; }'.
src/pdi/components/GoalSettingForm.tsx(69,23): error TS2769: No overload matches this call.
  Overload 1 of 2, '(values: readonly ["yes", "no"], params?: string | { error?: string | $ZodErrorMap<$ZodIssueInvalidValue<unknown>> | undefined; message?: string | undefined; } | undefined): ZodEnum<...>', gave the following error.
    Object literal may only specify known properties, and 'required_error' does not exist in type '{ error?: string | $ZodErrorMap<$ZodIssueInvalidValue<unknown>> | undefined; message?: string | undefined; }'.
  Overload 2 of 2, '(entries: Readonly<Record<string, EnumValue>>, params?: string | { error?: string | $ZodErrorMap<$ZodIssueInvalidValue<unknown>> | undefined; message?: string | undefined; } | undefined): ZodEnum<...>', gave the following error.
    Argument of type 'string[]' is not assignable to parameter of type 'Readonly<Record<string, EnumValue>>'.
      Index signature for type 'string' is missing in type 'string[]'.
src/pdi/components/GoalSettingForm.tsx(72,25): error TS2769: No overload matches this call.
  Overload 1 of 2, '(values: readonly ["yes", "no"], params?: string | { error?: string | $ZodErrorMap<$ZodIssueInvalidValue<unknown>> | undefined; message?: string | undefined; } | undefined): ZodEnum<...>', gave the following error.
    Object literal may only specify known properties, and 'required_error' does not exist in type '{ error?: string | $ZodErrorMap<$ZodIssueInvalidValue<unknown>> | undefined; message?: string | undefined; }'.
  Overload 2 of 2, '(entries: Readonly<Record<string, EnumValue>>, params?: string | { error?: string | $ZodErrorMap<$ZodIssueInvalidValue<unknown>> | undefined; message?: string | undefined; } | undefined): ZodEnum<...>', gave the following error.
    Argument of type 'string[]' is not assignable to parameter of type 'Readonly<Record<string, EnumValue>>'.
      Index signature for type 'string' is missing in type 'string[]'.
src/pdi/components/GoalSettingForm.tsx(75,28): error TS2769: No overload matches this call.
  Overload 1 of 2, '(values: readonly ["yes", "no"], params?: string | { error?: string | $ZodErrorMap<$ZodIssueInvalidValue<unknown>> | undefined; message?: string | undefined; } | undefined): ZodEnum<...>', gave the following error.
    Object literal may only specify known properties, and 'required_error' does not exist in type '{ error?: string | $ZodErrorMap<$ZodIssueInvalidValue<unknown>> | undefined; message?: string | undefined; }'.
  Overload 2 of 2, '(entries: Readonly<Record<string, EnumValue>>, params?: string | { error?: string | $ZodErrorMap<$ZodIssueInvalidValue<unknown>> | undefined; message?: string | undefined; } | undefined): ZodEnum<...>', gave the following error.
    Argument of type 'string[]' is not assignable to parameter of type 'Readonly<Record<string, EnumValue>>'.
      Index signature for type 'string' is missing in type 'string[]'.
src/pdi/components/GoalSettingForm.tsx(78,25): error TS2769: No overload matches this call.
  Overload 1 of 2, '(values: readonly ["yes", "no"], params?: string | { error?: string | $ZodErrorMap<$ZodIssueInvalidValue<unknown>> | undefined; message?: string | undefined; } | undefined): ZodEnum<...>', gave the following error.
    Object literal may only specify known properties, and 'required_error' does not exist in type '{ error?: string | $ZodErrorMap<$ZodIssueInvalidValue<unknown>> | undefined; message?: string | undefined; }'.
  Overload 2 of 2, '(entries: Readonly<Record<string, EnumValue>>, params?: string | { error?: string | $ZodErrorMap<$ZodIssueInvalidValue<unknown>> | undefined; message?: string | undefined; } | undefined): ZodEnum<...>', gave the following error.
    Argument of type 'string[]' is not assignable to parameter of type 'Readonly<Record<string, EnumValue>>'.
      Index signature for type 'string' is missing in type 'string[]'.
src/pdi/components/GoalSettingForm.tsx(87,9): error TS2353: Object literal may only specify known properties, and 'required_error' does not exist in type '{ error?: string | $ZodErrorMap<$ZodIssueInvalidType<unknown>> | undefined; message?: string | undefined; }'.
src/pdi/components/GoalSettingForm.tsx(157,9): error TS2322: Type 'Resolver<{ educatorName: string; coachName: string; campus: string; dateOfGoalSetting: Date; awareOfProcess: "yes" | "no"; awareOfFramework: "yes" | "no"; reflectionCompleted: "yes" | "no"; ... 8 more ...; academicType?: "CORE" | ... 1 more ... | undefined; }, any, { ...; }>' is not assignable to type 'Resolver<{ educatorName: string; coachName: string; campus: string; dateOfGoalSetting: Date; awareOfProcess: "yes" | "no"; awareOfFramework: "yes" | "no"; reflectionCompleted: "yes" | "no"; ... 8 more ...; teacherEmail?: string | undefined; }, any, { ...; }>'.
  Types of parameters 'options' and 'options' are incompatible.
    Type 'ResolverOptions<{ educatorName: string; coachName: string; campus: string; dateOfGoalSetting: Date; awareOfProcess: "yes" | "no"; awareOfFramework: "yes" | "no"; reflectionCompleted: "yes" | "no"; ... 8 more ...; teacherEmail?: string | undefined; }>' is not assignable to type 'ResolverOptions<{ educatorName: string; coachName: string; campus: string; dateOfGoalSetting: Date; awareOfProcess: "yes" | "no"; awareOfFramework: "yes" | "no"; reflectionCompleted: "yes" | "no"; ... 8 more ...; academicType?: "CORE" | ... 1 more ... | undefined; }>'.
      Type '"CORE" | "NON_CORE" | undefined' is not assignable to type '"CORE" | "NON_CORE"'.
        Type 'undefined' is not assignable to type '"CORE" | "NON_CORE"'.
src/pdi/components/GoalSettingForm.tsx(198,55): error TS2345: Argument of type '(values: { educatorName: string; coachName: string; campus: string; dateOfGoalSetting: Date; awareOfProcess: "yes" | "no"; awareOfFramework: "yes" | "no"; reflectionCompleted: "yes" | "no"; ... 8 more ...; teacherEmail?: string | undefined; }) => void' is not assignable to parameter of type 'SubmitHandler<TFieldValues>'.
  Types of parameters 'values' and 'data' are incompatible.
    Type 'TFieldValues' is not assignable to type '{ educatorName: string; coachName: string; campus: string; dateOfGoalSetting: Date; awareOfProcess: "yes" | "no"; awareOfFramework: "yes" | "no"; reflectionCompleted: "yes" | "no"; ... 8 more ...; teacherEmail?: string | undefined; }'.
      Type 'FieldValues' is missing the following properties from type '{ educatorName: string; coachName: string; campus: string; dateOfGoalSetting: Date; awareOfProcess: "yes" | "no"; awareOfFramework: "yes" | "no"; reflectionCompleted: "yes" | "no"; ... 8 more ...; teacherEmail?: string | undefined; }': educatorName, coachName, campus, dateOfGoalSetting, and 10 more.
src/pdi/components/GoalSettingForm.tsx(210,37): error TS2322: Type 'Control<{ educatorName: string; coachName: string; campus: string; dateOfGoalSetting: Date; awareOfProcess: "yes" | "no"; awareOfFramework: "yes" | "no"; reflectionCompleted: "yes" | "no"; ... 8 more ...; teacherEmail?: string | undefined; }, any, TFieldValues>' is not assignable to type 'Control<{ educatorName: string; coachName: string; campus: string; dateOfGoalSetting: Date; awareOfProcess: "yes" | "no"; awareOfFramework: "yes" | "no"; reflectionCompleted: "yes" | "no"; ... 8 more ...; teacherEmail?: string | undefined; }, any, { ...; }>'.
  The types of '_options.resolver' are incompatible between these types.
    Type 'Resolver<{ educatorName: string; coachName: string; campus: string; dateOfGoalSetting: Date; awareOfProcess: "yes" | "no"; awareOfFramework: "yes" | "no"; reflectionCompleted: "yes" | "no"; ... 8 more ...; teacherEmail?: string | undefined; }, any, TFieldValues> | undefined' is not assignable to type 'Resolver<{ educatorName: string; coachName: string; campus: string; dateOfGoalSetting: Date; awareOfProcess: "yes" | "no"; awareOfFramework: "yes" | "no"; reflectionCompleted: "yes" | "no"; ... 8 more ...; teacherEmail?: string | undefined; }, any, { ...; }> | undefined'.
      Type 'Resolver<{ educatorName: string; coachName: string; campus: string; dateOfGoalSetting: Date; awareOfProcess: "yes" | "no"; awareOfFramework: "yes" | "no"; reflectionCompleted: "yes" | "no"; ... 8 more ...; teacherEmail?: string | undefined; }, any, TFieldValues>' is not assignable to type 'Resolver<{ educatorName: string; coachName: string; campus: string; dateOfGoalSetting: Date; awareOfProcess: "yes" | "no"; awareOfFramework: "yes" | "no"; reflectionCompleted: "yes" | "no"; ... 8 more ...; teacherEmail?: string | undefined; }, any, { ...; }>'.
        Type 'ResolverResult<{ educatorName: string; coachName: string; campus: string; dateOfGoalSetting: Date; awareOfProcess: "yes" | "no"; awareOfFramework: "yes" | "no"; reflectionCompleted: "yes" | "no"; ... 8 more ...; teacherEmail?: string | undefined; }, TFieldValues> | Promise<...>' is not assignable to type 'ResolverResult<{ educatorName: string; coachName: string; campus: string; dateOfGoalSetting: Date; awareOfProcess: "yes" | "no"; awareOfFramework: "yes" | "no"; reflectionCompleted: "yes" | "no"; ... 8 more ...; teacherEmail?: string | undefined; }, { ...; }> | Promise<...>'.
          Type 'ResolverSuccess<TFieldValues>' is not assignable to type 'ResolverResult<{ educatorName: string; coachName: string; campus: string; dateOfGoalSetting: Date; awareOfProcess: "yes" | "no"; awareOfFramework: "yes" | "no"; reflectionCompleted: "yes" | "no"; ... 8 more ...; teacherEmail?: string | undefined; }, { ...; }> | Promise<...>'.
            Type 'ResolverSuccess<TFieldValues>' is not assignable to type 'ResolverSuccess<{ educatorName: string; coachName: string; campus: string; dateOfGoalSetting: Date; awareOfProcess: "yes" | "no"; awareOfFramework: "yes" | "no"; reflectionCompleted: "yes" | "no"; ... 8 more ...; teacherEmail?: string | undefined; }>'.
              Type 'TFieldValues' is not assignable to type '{ educatorName: string; coachName: string; campus: string; dateOfGoalSetting: Date; awareOfProcess: "yes" | "no"; awareOfFramework: "yes" | "no"; reflectionCompleted: "yes" | "no"; ... 8 more ...; teacherEmail?: string | undefined; }'.
                Type 'FieldValues' is missing the following properties from type '{ educatorName: string; coachName: string; campus: string; dateOfGoalSetting: Date; awareOfProcess: "yes" | "no"; awareOfFramework: "yes" | "no"; reflectionCompleted: "yes" | "no"; ... 8 more ...; teacherEmail?: string | undefined; }': educatorName, coachName, campus, dateOfGoalSetting, and 10 more.
src/pdi/components/GoalSettingForm.tsx(248,37): error TS2322: Type 'Control<{ educatorName: string; coachName: string; campus: string; dateOfGoalSetting: Date; awareOfProcess: "yes" | "no"; awareOfFramework: "yes" | "no"; reflectionCompleted: "yes" | "no"; ... 8 more ...; teacherEmail?: string | undefined; }, any, TFieldValues>' is not assignable to type 'Control<{ educatorName: string; coachName: string; campus: string; dateOfGoalSetting: Date; awareOfProcess: "yes" | "no"; awareOfFramework: "yes" | "no"; reflectionCompleted: "yes" | "no"; ... 8 more ...; teacherEmail?: string | undefined; }, any, { ...; }>'.
  The types of '_options.resolver' are incompatible between these types.
    Type 'Resolver<{ educatorName: string; coachName: string; campus: string; dateOfGoalSetting: Date; awareOfProcess: "yes" | "no"; awareOfFramework: "yes" | "no"; reflectionCompleted: "yes" | "no"; ... 8 more ...; teacherEmail?: string | undefined; }, any, TFieldValues> | undefined' is not assignable to type 'Resolver<{ educatorName: string; coachName: string; campus: string; dateOfGoalSetting: Date; awareOfProcess: "yes" | "no"; awareOfFramework: "yes" | "no"; reflectionCompleted: "yes" | "no"; ... 8 more ...; teacherEmail?: string | undefined; }, any, { ...; }> | undefined'.
      Type 'Resolver<{ educatorName: string; coachName: string; campus: string; dateOfGoalSetting: Date; awareOfProcess: "yes" | "no"; awareOfFramework: "yes" | "no"; reflectionCompleted: "yes" | "no"; ... 8 more ...; teacherEmail?: string | undefined; }, any, TFieldValues>' is not assignable to type 'Resolver<{ educatorName: string; coachName: string; campus: string; dateOfGoalSetting: Date; awareOfProcess: "yes" | "no"; awareOfFramework: "yes" | "no"; reflectionCompleted: "yes" | "no"; ... 8 more ...; teacherEmail?: string | undefined; }, any, { ...; }>'.
        Type 'ResolverResult<{ educatorName: string; coachName: string; campus: string; dateOfGoalSetting: Date; awareOfProcess: "yes" | "no"; awareOfFramework: "yes" | "no"; reflectionCompleted: "yes" | "no"; ... 8 more ...; teacherEmail?: string | undefined; }, TFieldValues> | Promise<...>' is not assignable to type 'ResolverResult<{ educatorName: string; coachName: string; campus: string; dateOfGoalSetting: Date; awareOfProcess: "yes" | "no"; awareOfFramework: "yes" | "no"; reflectionCompleted: "yes" | "no"; ... 8 more ...; teacherEmail?: string | undefined; }, { ...; }> | Promise<...>'.
          Type 'ResolverSuccess<TFieldValues>' is not assignable to type 'ResolverResult<{ educatorName: string; coachName: string; campus: string; dateOfGoalSetting: Date; awareOfProcess: "yes" | "no"; awareOfFramework: "yes" | "no"; reflectionCompleted: "yes" | "no"; ... 8 more ...; teacherEmail?: string | undefined; }, { ...; }> | Promise<...>'.
            Type 'ResolverSuccess<TFieldValues>' is not assignable to type 'ResolverSuccess<{ educatorName: string; coachName: string; campus: string; dateOfGoalSetting: Date; awareOfProcess: "yes" | "no"; awareOfFramework: "yes" | "no"; reflectionCompleted: "yes" | "no"; ... 8 more ...; teacherEmail?: string | undefined; }>'.
              Type 'TFieldValues' is not assignable to type '{ educatorName: string; coachName: string; campus: string; dateOfGoalSetting: Date; awareOfProcess: "yes" | "no"; awareOfFramework: "yes" | "no"; reflectionCompleted: "yes" | "no"; ... 8 more ...; teacherEmail?: string | undefined; }'.
                Type 'FieldValues' is missing the following properties from type '{ educatorName: string; coachName: string; campus: string; dateOfGoalSetting: Date; awareOfProcess: "yes" | "no"; awareOfFramework: "yes" | "no"; reflectionCompleted: "yes" | "no"; ... 8 more ...; teacherEmail?: string | undefined; }': educatorName, coachName, campus, dateOfGoalSetting, and 10 more.
src/pdi/components/GoalSettingForm.tsx(282,37): error TS2322: Type 'Control<{ educatorName: string; coachName: string; campus: string; dateOfGoalSetting: Date; awareOfProcess: "yes" | "no"; awareOfFramework: "yes" | "no"; reflectionCompleted: "yes" | "no"; ... 8 more ...; teacherEmail?: string | undefined; }, any, TFieldValues>' is not assignable to type 'Control<{ educatorName: string; coachName: string; campus: string; dateOfGoalSetting: Date; awareOfProcess: "yes" | "no"; awareOfFramework: "yes" | "no"; reflectionCompleted: "yes" | "no"; ... 8 more ...; teacherEmail?: string | undefined; }, any, { ...; }>'.
  The types of '_options.resolver' are incompatible between these types.
    Type 'Resolver<{ educatorName: string; coachName: string; campus: string; dateOfGoalSetting: Date; awareOfProcess: "yes" | "no"; awareOfFramework: "yes" | "no"; reflectionCompleted: "yes" | "no"; ... 8 more ...; teacherEmail?: string | undefined; }, any, TFieldValues> | undefined' is not assignable to type 'Resolver<{ educatorName: string; coachName: string; campus: string; dateOfGoalSetting: Date; awareOfProcess: "yes" | "no"; awareOfFramework: "yes" | "no"; reflectionCompleted: "yes" | "no"; ... 8 more ...; teacherEmail?: string | undefined; }, any, { ...; }> | undefined'.
      Type 'Resolver<{ educatorName: string; coachName: string; campus: string; dateOfGoalSetting: Date; awareOfProcess: "yes" | "no"; awareOfFramework: "yes" | "no"; reflectionCompleted: "yes" | "no"; ... 8 more ...; teacherEmail?: string | undefined; }, any, TFieldValues>' is not assignable to type 'Resolver<{ educatorName: string; coachName: string; campus: string; dateOfGoalSetting: Date; awareOfProcess: "yes" | "no"; awareOfFramework: "yes" | "no"; reflectionCompleted: "yes" | "no"; ... 8 more ...; teacherEmail?: string | undefined; }, any, { ...; }>'.
        Type 'ResolverResult<{ educatorName: string; coachName: string; campus: string; dateOfGoalSetting: Date; awareOfProcess: "yes" | "no"; awareOfFramework: "yes" | "no"; reflectionCompleted: "yes" | "no"; ... 8 more ...; teacherEmail?: string | undefined; }, TFieldValues> | Promise<...>' is not assignable to type 'ResolverResult<{ educatorName: string; coachName: string; campus: string; dateOfGoalSetting: Date; awareOfProcess: "yes" | "no"; awareOfFramework: "yes" | "no"; reflectionCompleted: "yes" | "no"; ... 8 more ...; teacherEmail?: string | undefined; }, { ...; }> | Promise<...>'.
          Type 'ResolverSuccess<TFieldValues>' is not assignable to type 'ResolverResult<{ educatorName: string; coachName: string; campus: string; dateOfGoalSetting: Date; awareOfProcess: "yes" | "no"; awareOfFramework: "yes" | "no"; reflectionCompleted: "yes" | "no"; ... 8 more ...; teacherEmail?: string | undefined; }, { ...; }> | Promise<...>'.
            Type 'ResolverSuccess<TFieldValues>' is not assignable to type 'ResolverSuccess<{ educatorName: string; coachName: string; campus: string; dateOfGoalSetting: Date; awareOfProcess: "yes" | "no"; awareOfFramework: "yes" | "no"; reflectionCompleted: "yes" | "no"; ... 8 more ...; teacherEmail?: string | undefined; }>'.
              Type 'TFieldValues' is not assignable to type '{ educatorName: string; coachName: string; campus: string; dateOfGoalSetting: Date; awareOfProcess: "yes" | "no"; awareOfFramework: "yes" | "no"; reflectionCompleted: "yes" | "no"; ... 8 more ...; teacherEmail?: string | undefined; }'.
                Type 'FieldValues' is missing the following properties from type '{ educatorName: string; coachName: string; campus: string; dateOfGoalSetting: Date; awareOfProcess: "yes" | "no"; awareOfFramework: "yes" | "no"; reflectionCompleted: "yes" | "no"; ... 8 more ...; teacherEmail?: string | undefined; }': educatorName, coachName, campus, dateOfGoalSetting, and 10 more.
src/pdi/components/GoalSettingForm.tsx(297,37): error TS2322: Type 'Control<{ educatorName: string; coachName: string; campus: string; dateOfGoalSetting: Date; awareOfProcess: "yes" | "no"; awareOfFramework: "yes" | "no"; reflectionCompleted: "yes" | "no"; ... 8 more ...; teacherEmail?: string | undefined; }, any, TFieldValues>' is not assignable to type 'Control<{ educatorName: string; coachName: string; campus: string; dateOfGoalSetting: Date; awareOfProcess: "yes" | "no"; awareOfFramework: "yes" | "no"; reflectionCompleted: "yes" | "no"; ... 8 more ...; teacherEmail?: string | undefined; }, any, { ...; }>'.
  The types of '_options.resolver' are incompatible between these types.
    Type 'Resolver<{ educatorName: string; coachName: string; campus: string; dateOfGoalSetting: Date; awareOfProcess: "yes" | "no"; awareOfFramework: "yes" | "no"; reflectionCompleted: "yes" | "no"; ... 8 more ...; teacherEmail?: string | undefined; }, any, TFieldValues> | undefined' is not assignable to type 'Resolver<{ educatorName: string; coachName: string; campus: string; dateOfGoalSetting: Date; awareOfProcess: "yes" | "no"; awareOfFramework: "yes" | "no"; reflectionCompleted: "yes" | "no"; ... 8 more ...; teacherEmail?: string | undefined; }, any, { ...; }> | undefined'.
      Type 'Resolver<{ educatorName: string; coachName: string; campus: string; dateOfGoalSetting: Date; awareOfProcess: "yes" | "no"; awareOfFramework: "yes" | "no"; reflectionCompleted: "yes" | "no"; ... 8 more ...; teacherEmail?: string | undefined; }, any, TFieldValues>' is not assignable to type 'Resolver<{ educatorName: string; coachName: string; campus: string; dateOfGoalSetting: Date; awareOfProcess: "yes" | "no"; awareOfFramework: "yes" | "no"; reflectionCompleted: "yes" | "no"; ... 8 more ...; teacherEmail?: string | undefined; }, any, { ...; }>'.
        Type 'ResolverResult<{ educatorName: string; coachName: string; campus: string; dateOfGoalSetting: Date; awareOfProcess: "yes" | "no"; awareOfFramework: "yes" | "no"; reflectionCompleted: "yes" | "no"; ... 8 more ...; teacherEmail?: string | undefined; }, TFieldValues> | Promise<...>' is not assignable to type 'ResolverResult<{ educatorName: string; coachName: string; campus: string; dateOfGoalSetting: Date; awareOfProcess: "yes" | "no"; awareOfFramework: "yes" | "no"; reflectionCompleted: "yes" | "no"; ... 8 more ...; teacherEmail?: string | undefined; }, { ...; }> | Promise<...>'.
          Type 'ResolverSuccess<TFieldValues>' is not assignable to type 'ResolverResult<{ educatorName: string; coachName: string; campus: string; dateOfGoalSetting: Date; awareOfProcess: "yes" | "no"; awareOfFramework: "yes" | "no"; reflectionCompleted: "yes" | "no"; ... 8 more ...; teacherEmail?: string | undefined; }, { ...; }> | Promise<...>'.
            Type 'ResolverSuccess<TFieldValues>' is not assignable to type 'ResolverSuccess<{ educatorName: string; coachName: string; campus: string; dateOfGoalSetting: Date; awareOfProcess: "yes" | "no"; awareOfFramework: "yes" | "no"; reflectionCompleted: "yes" | "no"; ... 8 more ...; teacherEmail?: string | undefined; }>'.
              Type 'TFieldValues' is not assignable to type '{ educatorName: string; coachName: string; campus: string; dateOfGoalSetting: Date; awareOfProcess: "yes" | "no"; awareOfFramework: "yes" | "no"; reflectionCompleted: "yes" | "no"; ... 8 more ...; teacherEmail?: string | undefined; }'.
                Type 'FieldValues' is missing the following properties from type '{ educatorName: string; coachName: string; campus: string; dateOfGoalSetting: Date; awareOfProcess: "yes" | "no"; awareOfFramework: "yes" | "no"; reflectionCompleted: "yes" | "no"; ... 8 more ...; teacherEmail?: string | undefined; }': educatorName, coachName, campus, dateOfGoalSetting, and 10 more.
src/pdi/components/GoalSettingForm.tsx(312,37): error TS2322: Type 'Control<{ educatorName: string; coachName: string; campus: string; dateOfGoalSetting: Date; awareOfProcess: "yes" | "no"; awareOfFramework: "yes" | "no"; reflectionCompleted: "yes" | "no"; ... 8 more ...; teacherEmail?: string | undefined; }, any, TFieldValues>' is not assignable to type 'Control<{ educatorName: string; coachName: string; campus: string; dateOfGoalSetting: Date; awareOfProcess: "yes" | "no"; awareOfFramework: "yes" | "no"; reflectionCompleted: "yes" | "no"; ... 8 more ...; teacherEmail?: string | undefined; }, any, { ...; }>'.
  The types of '_options.resolver' are incompatible between these types.
    Type 'Resolver<{ educatorName: string; coachName: string; campus: string; dateOfGoalSetting: Date; awareOfProcess: "yes" | "no"; awareOfFramework: "yes" | "no"; reflectionCompleted: "yes" | "no"; ... 8 more ...; teacherEmail?: string | undefined; }, any, TFieldValues> | undefined' is not assignable to type 'Resolver<{ educatorName: string; coachName: string; campus: string; dateOfGoalSetting: Date; awareOfProcess: "yes" | "no"; awareOfFramework: "yes" | "no"; reflectionCompleted: "yes" | "no"; ... 8 more ...; teacherEmail?: string | undefined; }, any, { ...; }> | undefined'.
      Type 'Resolver<{ educatorName: string; coachName: string; campus: string; dateOfGoalSetting: Date; awareOfProcess: "yes" | "no"; awareOfFramework: "yes" | "no"; reflectionCompleted: "yes" | "no"; ... 8 more ...; teacherEmail?: string | undefined; }, any, TFieldValues>' is not assignable to type 'Resolver<{ educatorName: string; coachName: string; campus: string; dateOfGoalSetting: Date; awareOfProcess: "yes" | "no"; awareOfFramework: "yes" | "no"; reflectionCompleted: "yes" | "no"; ... 8 more ...; teacherEmail?: string | undefined; }, any, { ...; }>'.
        Type 'ResolverResult<{ educatorName: string; coachName: string; campus: string; dateOfGoalSetting: Date; awareOfProcess: "yes" | "no"; awareOfFramework: "yes" | "no"; reflectionCompleted: "yes" | "no"; ... 8 more ...; teacherEmail?: string | undefined; }, TFieldValues> | Promise<...>' is not assignable to type 'ResolverResult<{ educatorName: string; coachName: string; campus: string; dateOfGoalSetting: Date; awareOfProcess: "yes" | "no"; awareOfFramework: "yes" | "no"; reflectionCompleted: "yes" | "no"; ... 8 more ...; teacherEmail?: string | undefined; }, { ...; }> | Promise<...>'.
          Type 'ResolverSuccess<TFieldValues>' is not assignable to type 'ResolverResult<{ educatorName: string; coachName: string; campus: string; dateOfGoalSetting: Date; awareOfProcess: "yes" | "no"; awareOfFramework: "yes" | "no"; reflectionCompleted: "yes" | "no"; ... 8 more ...; teacherEmail?: string | undefined; }, { ...; }> | Promise<...>'.
            Type 'ResolverSuccess<TFieldValues>' is not assignable to type 'ResolverSuccess<{ educatorName: string; coachName: string; campus: string; dateOfGoalSetting: Date; awareOfProcess: "yes" | "no"; awareOfFramework: "yes" | "no"; reflectionCompleted: "yes" | "no"; ... 8 more ...; teacherEmail?: string | undefined; }>'.
              Type 'TFieldValues' is not assignable to type '{ educatorName: string; coachName: string; campus: string; dateOfGoalSetting: Date; awareOfProcess: "yes" | "no"; awareOfFramework: "yes" | "no"; reflectionCompleted: "yes" | "no"; ... 8 more ...; teacherEmail?: string | undefined; }'.
                Type 'FieldValues' is missing the following properties from type '{ educatorName: string; coachName: string; campus: string; dateOfGoalSetting: Date; awareOfProcess: "yes" | "no"; awareOfFramework: "yes" | "no"; reflectionCompleted: "yes" | "no"; ... 8 more ...; teacherEmail?: string | undefined; }': educatorName, coachName, campus, dateOfGoalSetting, and 10 more.
src/pdi/components/GoalSettingForm.tsx(337,37): error TS2322: Type 'Control<{ educatorName: string; coachName: string; campus: string; dateOfGoalSetting: Date; awareOfProcess: "yes" | "no"; awareOfFramework: "yes" | "no"; reflectionCompleted: "yes" | "no"; ... 8 more ...; teacherEmail?: string | undefined; }, any, TFieldValues>' is not assignable to type 'Control<{ educatorName: string; coachName: string; campus: string; dateOfGoalSetting: Date; awareOfProcess: "yes" | "no"; awareOfFramework: "yes" | "no"; reflectionCompleted: "yes" | "no"; ... 8 more ...; teacherEmail?: string | undefined; }, any, { ...; }>'.
  The types of '_options.resolver' are incompatible between these types.
    Type 'Resolver<{ educatorName: string; coachName: string; campus: string; dateOfGoalSetting: Date; awareOfProcess: "yes" | "no"; awareOfFramework: "yes" | "no"; reflectionCompleted: "yes" | "no"; ... 8 more ...; teacherEmail?: string | undefined; }, any, TFieldValues> | undefined' is not assignable to type 'Resolver<{ educatorName: string; coachName: string; campus: string; dateOfGoalSetting: Date; awareOfProcess: "yes" | "no"; awareOfFramework: "yes" | "no"; reflectionCompleted: "yes" | "no"; ... 8 more ...; teacherEmail?: string | undefined; }, any, { ...; }> | undefined'.
      Type 'Resolver<{ educatorName: string; coachName: string; campus: string; dateOfGoalSetting: Date; awareOfProcess: "yes" | "no"; awareOfFramework: "yes" | "no"; reflectionCompleted: "yes" | "no"; ... 8 more ...; teacherEmail?: string | undefined; }, any, TFieldValues>' is not assignable to type 'Resolver<{ educatorName: string; coachName: string; campus: string; dateOfGoalSetting: Date; awareOfProcess: "yes" | "no"; awareOfFramework: "yes" | "no"; reflectionCompleted: "yes" | "no"; ... 8 more ...; teacherEmail?: string | undefined; }, any, { ...; }>'.
        Type 'ResolverResult<{ educatorName: string; coachName: string; campus: string; dateOfGoalSetting: Date; awareOfProcess: "yes" | "no"; awareOfFramework: "yes" | "no"; reflectionCompleted: "yes" | "no"; ... 8 more ...; teacherEmail?: string | undefined; }, TFieldValues> | Promise<...>' is not assignable to type 'ResolverResult<{ educatorName: string; coachName: string; campus: string; dateOfGoalSetting: Date; awareOfProcess: "yes" | "no"; awareOfFramework: "yes" | "no"; reflectionCompleted: "yes" | "no"; ... 8 more ...; teacherEmail?: string | undefined; }, { ...; }> | Promise<...>'.
          Type 'ResolverSuccess<TFieldValues>' is not assignable to type 'ResolverResult<{ educatorName: string; coachName: string; campus: string; dateOfGoalSetting: Date; awareOfProcess: "yes" | "no"; awareOfFramework: "yes" | "no"; reflectionCompleted: "yes" | "no"; ... 8 more ...; teacherEmail?: string | undefined; }, { ...; }> | Promise<...>'.
            Type 'ResolverSuccess<TFieldValues>' is not assignable to type 'ResolverSuccess<{ educatorName: string; coachName: string; campus: string; dateOfGoalSetting: Date; awareOfProcess: "yes" | "no"; awareOfFramework: "yes" | "no"; reflectionCompleted: "yes" | "no"; ... 8 more ...; teacherEmail?: string | undefined; }>'.
              Type 'TFieldValues' is not assignable to type '{ educatorName: string; coachName: string; campus: string; dateOfGoalSetting: Date; awareOfProcess: "yes" | "no"; awareOfFramework: "yes" | "no"; reflectionCompleted: "yes" | "no"; ... 8 more ...; teacherEmail?: string | undefined; }'.
                Type 'FieldValues' is missing the following properties from type '{ educatorName: string; coachName: string; campus: string; dateOfGoalSetting: Date; awareOfProcess: "yes" | "no"; awareOfFramework: "yes" | "no"; reflectionCompleted: "yes" | "no"; ... 8 more ...; teacherEmail?: string | undefined; }': educatorName, coachName, campus, dateOfGoalSetting, and 10 more.
src/pdi/components/GoalSettingForm.tsx(379,37): error TS2322: Type 'Control<{ educatorName: string; coachName: string; campus: string; dateOfGoalSetting: Date; awareOfProcess: "yes" | "no"; awareOfFramework: "yes" | "no"; reflectionCompleted: "yes" | "no"; ... 8 more ...; teacherEmail?: string | undefined; }, any, TFieldValues>' is not assignable to type 'Control<{ educatorName: string; coachName: string; campus: string; dateOfGoalSetting: Date; awareOfProcess: "yes" | "no"; awareOfFramework: "yes" | "no"; reflectionCompleted: "yes" | "no"; ... 8 more ...; teacherEmail?: string | undefined; }, any, { ...; }>'.
  The types of '_options.resolver' are incompatible between these types.
    Type 'Resolver<{ educatorName: string; coachName: string; campus: string; dateOfGoalSetting: Date; awareOfProcess: "yes" | "no"; awareOfFramework: "yes" | "no"; reflectionCompleted: "yes" | "no"; ... 8 more ...; teacherEmail?: string | undefined; }, any, TFieldValues> | undefined' is not assignable to type 'Resolver<{ educatorName: string; coachName: string; campus: string; dateOfGoalSetting: Date; awareOfProcess: "yes" | "no"; awareOfFramework: "yes" | "no"; reflectionCompleted: "yes" | "no"; ... 8 more ...; teacherEmail?: string | undefined; }, any, { ...; }> | undefined'.
      Type 'Resolver<{ educatorName: string; coachName: string; campus: string; dateOfGoalSetting: Date; awareOfProcess: "yes" | "no"; awareOfFramework: "yes" | "no"; reflectionCompleted: "yes" | "no"; ... 8 more ...; teacherEmail?: string | undefined; }, any, TFieldValues>' is not assignable to type 'Resolver<{ educatorName: string; coachName: string; campus: string; dateOfGoalSetting: Date; awareOfProcess: "yes" | "no"; awareOfFramework: "yes" | "no"; reflectionCompleted: "yes" | "no"; ... 8 more ...; teacherEmail?: string | undefined; }, any, { ...; }>'.
        Type 'ResolverResult<{ educatorName: string; coachName: string; campus: string; dateOfGoalSetting: Date; awareOfProcess: "yes" | "no"; awareOfFramework: "yes" | "no"; reflectionCompleted: "yes" | "no"; ... 8 more ...; teacherEmail?: string | undefined; }, TFieldValues> | Promise<...>' is not assignable to type 'ResolverResult<{ educatorName: string; coachName: string; campus: string; dateOfGoalSetting: Date; awareOfProcess: "yes" | "no"; awareOfFramework: "yes" | "no"; reflectionCompleted: "yes" | "no"; ... 8 more ...; teacherEmail?: string | undefined; }, { ...; }> | Promise<...>'.
          Type 'ResolverSuccess<TFieldValues>' is not assignable to type 'ResolverResult<{ educatorName: string; coachName: string; campus: string; dateOfGoalSetting: Date; awareOfProcess: "yes" | "no"; awareOfFramework: "yes" | "no"; reflectionCompleted: "yes" | "no"; ... 8 more ...; teacherEmail?: string | undefined; }, { ...; }> | Promise<...>'.
            Type 'ResolverSuccess<TFieldValues>' is not assignable to type 'ResolverSuccess<{ educatorName: string; coachName: string; campus: string; dateOfGoalSetting: Date; awareOfProcess: "yes" | "no"; awareOfFramework: "yes" | "no"; reflectionCompleted: "yes" | "no"; ... 8 more ...; teacherEmail?: string | undefined; }>'.
              Type 'TFieldValues' is not assignable to type '{ educatorName: string; coachName: string; campus: string; dateOfGoalSetting: Date; awareOfProcess: "yes" | "no"; awareOfFramework: "yes" | "no"; reflectionCompleted: "yes" | "no"; ... 8 more ...; teacherEmail?: string | undefined; }'.
                Type 'FieldValues' is missing the following properties from type '{ educatorName: string; coachName: string; campus: string; dateOfGoalSetting: Date; awareOfProcess: "yes" | "no"; awareOfFramework: "yes" | "no"; reflectionCompleted: "yes" | "no"; ... 8 more ...; teacherEmail?: string | undefined; }': educatorName, coachName, campus, dateOfGoalSetting, and 10 more.
src/pdi/components/GoalSettingForm.tsx(434,37): error TS2322: Type 'Control<{ educatorName: string; coachName: string; campus: string; dateOfGoalSetting: Date; awareOfProcess: "yes" | "no"; awareOfFramework: "yes" | "no"; reflectionCompleted: "yes" | "no"; ... 8 more ...; teacherEmail?: string | undefined; }, any, TFieldValues>' is not assignable to type 'Control<{ educatorName: string; coachName: string; campus: string; dateOfGoalSetting: Date; awareOfProcess: "yes" | "no"; awareOfFramework: "yes" | "no"; reflectionCompleted: "yes" | "no"; ... 8 more ...; teacherEmail?: string | undefined; }, any, { ...; }>'.
  The types of '_options.resolver' are incompatible between these types.
    Type 'Resolver<{ educatorName: string; coachName: string; campus: string; dateOfGoalSetting: Date; awareOfProcess: "yes" | "no"; awareOfFramework: "yes" | "no"; reflectionCompleted: "yes" | "no"; ... 8 more ...; teacherEmail?: string | undefined; }, any, TFieldValues> | undefined' is not assignable to type 'Resolver<{ educatorName: string; coachName: string; campus: string; dateOfGoalSetting: Date; awareOfProcess: "yes" | "no"; awareOfFramework: "yes" | "no"; reflectionCompleted: "yes" | "no"; ... 8 more ...; teacherEmail?: string | undefined; }, any, { ...; }> | undefined'.
      Type 'Resolver<{ educatorName: string; coachName: string; campus: string; dateOfGoalSetting: Date; awareOfProcess: "yes" | "no"; awareOfFramework: "yes" | "no"; reflectionCompleted: "yes" | "no"; ... 8 more ...; teacherEmail?: string | undefined; }, any, TFieldValues>' is not assignable to type 'Resolver<{ educatorName: string; coachName: string; campus: string; dateOfGoalSetting: Date; awareOfProcess: "yes" | "no"; awareOfFramework: "yes" | "no"; reflectionCompleted: "yes" | "no"; ... 8 more ...; teacherEmail?: string | undefined; }, any, { ...; }>'.
        Type 'ResolverResult<{ educatorName: string; coachName: string; campus: string; dateOfGoalSetting: Date; awareOfProcess: "yes" | "no"; awareOfFramework: "yes" | "no"; reflectionCompleted: "yes" | "no"; ... 8 more ...; teacherEmail?: string | undefined; }, TFieldValues> | Promise<...>' is not assignable to type 'ResolverResult<{ educatorName: string; coachName: string; campus: string; dateOfGoalSetting: Date; awareOfProcess: "yes" | "no"; awareOfFramework: "yes" | "no"; reflectionCompleted: "yes" | "no"; ... 8 more ...; teacherEmail?: string | undefined; }, { ...; }> | Promise<...>'.
          Type 'ResolverSuccess<TFieldValues>' is not assignable to type 'ResolverResult<{ educatorName: string; coachName: string; campus: string; dateOfGoalSetting: Date; awareOfProcess: "yes" | "no"; awareOfFramework: "yes" | "no"; reflectionCompleted: "yes" | "no"; ... 8 more ...; teacherEmail?: string | undefined; }, { ...; }> | Promise<...>'.
            Type 'ResolverSuccess<TFieldValues>' is not assignable to type 'ResolverSuccess<{ educatorName: string; coachName: string; campus: string; dateOfGoalSetting: Date; awareOfProcess: "yes" | "no"; awareOfFramework: "yes" | "no"; reflectionCompleted: "yes" | "no"; ... 8 more ...; teacherEmail?: string | undefined; }>'.
              Type 'TFieldValues' is not assignable to type '{ educatorName: string; coachName: string; campus: string; dateOfGoalSetting: Date; awareOfProcess: "yes" | "no"; awareOfFramework: "yes" | "no"; reflectionCompleted: "yes" | "no"; ... 8 more ...; teacherEmail?: string | undefined; }'.
                Type 'FieldValues' is missing the following properties from type '{ educatorName: string; coachName: string; campus: string; dateOfGoalSetting: Date; awareOfProcess: "yes" | "no"; awareOfFramework: "yes" | "no"; reflectionCompleted: "yes" | "no"; ... 8 more ...; teacherEmail?: string | undefined; }': educatorName, coachName, campus, dateOfGoalSetting, and 10 more.
src/pdi/components/GoalSettingForm.tsx(465,37): error TS2322: Type 'Control<{ educatorName: string; coachName: string; campus: string; dateOfGoalSetting: Date; awareOfProcess: "yes" | "no"; awareOfFramework: "yes" | "no"; reflectionCompleted: "yes" | "no"; ... 8 more ...; teacherEmail?: string | undefined; }, any, TFieldValues>' is not assignable to type 'Control<{ educatorName: string; coachName: string; campus: string; dateOfGoalSetting: Date; awareOfProcess: "yes" | "no"; awareOfFramework: "yes" | "no"; reflectionCompleted: "yes" | "no"; ... 8 more ...; teacherEmail?: string | undefined; }, any, { ...; }>'.
  The types of '_options.resolver' are incompatible between these types.
    Type 'Resolver<{ educatorName: string; coachName: string; campus: string; dateOfGoalSetting: Date; awareOfProcess: "yes" | "no"; awareOfFramework: "yes" | "no"; reflectionCompleted: "yes" | "no"; ... 8 more ...; teacherEmail?: string | undefined; }, any, TFieldValues> | undefined' is not assignable to type 'Resolver<{ educatorName: string; coachName: string; campus: string; dateOfGoalSetting: Date; awareOfProcess: "yes" | "no"; awareOfFramework: "yes" | "no"; reflectionCompleted: "yes" | "no"; ... 8 more ...; teacherEmail?: string | undefined; }, any, { ...; }> | undefined'.
      Type 'Resolver<{ educatorName: string; coachName: string; campus: string; dateOfGoalSetting: Date; awareOfProcess: "yes" | "no"; awareOfFramework: "yes" | "no"; reflectionCompleted: "yes" | "no"; ... 8 more ...; teacherEmail?: string | undefined; }, any, TFieldValues>' is not assignable to type 'Resolver<{ educatorName: string; coachName: string; campus: string; dateOfGoalSetting: Date; awareOfProcess: "yes" | "no"; awareOfFramework: "yes" | "no"; reflectionCompleted: "yes" | "no"; ... 8 more ...; teacherEmail?: string | undefined; }, any, { ...; }>'.
        Type 'ResolverResult<{ educatorName: string; coachName: string; campus: string; dateOfGoalSetting: Date; awareOfProcess: "yes" | "no"; awareOfFramework: "yes" | "no"; reflectionCompleted: "yes" | "no"; ... 8 more ...; teacherEmail?: string | undefined; }, TFieldValues> | Promise<...>' is not assignable to type 'ResolverResult<{ educatorName: string; coachName: string; campus: string; dateOfGoalSetting: Date; awareOfProcess: "yes" | "no"; awareOfFramework: "yes" | "no"; reflectionCompleted: "yes" | "no"; ... 8 more ...; teacherEmail?: string | undefined; }, { ...; }> | Promise<...>'.
          Type 'ResolverSuccess<TFieldValues>' is not assignable to type 'ResolverResult<{ educatorName: string; coachName: string; campus: string; dateOfGoalSetting: Date; awareOfProcess: "yes" | "no"; awareOfFramework: "yes" | "no"; reflectionCompleted: "yes" | "no"; ... 8 more ...; teacherEmail?: string | undefined; }, { ...; }> | Promise<...>'.
            Type 'ResolverSuccess<TFieldValues>' is not assignable to type 'ResolverSuccess<{ educatorName: string; coachName: string; campus: string; dateOfGoalSetting: Date; awareOfProcess: "yes" | "no"; awareOfFramework: "yes" | "no"; reflectionCompleted: "yes" | "no"; ... 8 more ...; teacherEmail?: string | undefined; }>'.
              Type 'TFieldValues' is not assignable to type '{ educatorName: string; coachName: string; campus: string; dateOfGoalSetting: Date; awareOfProcess: "yes" | "no"; awareOfFramework: "yes" | "no"; reflectionCompleted: "yes" | "no"; ... 8 more ...; teacherEmail?: string | undefined; }'.
                Type 'FieldValues' is missing the following properties from type '{ educatorName: string; coachName: string; campus: string; dateOfGoalSetting: Date; awareOfProcess: "yes" | "no"; awareOfFramework: "yes" | "no"; reflectionCompleted: "yes" | "no"; ... 8 more ...; teacherEmail?: string | undefined; }': educatorName, coachName, campus, dateOfGoalSetting, and 10 more.
src/pdi/components/GoalSettingForm.tsx(496,37): error TS2322: Type 'Control<{ educatorName: string; coachName: string; campus: string; dateOfGoalSetting: Date; awareOfProcess: "yes" | "no"; awareOfFramework: "yes" | "no"; reflectionCompleted: "yes" | "no"; ... 8 more ...; teacherEmail?: string | undefined; }, any, TFieldValues>' is not assignable to type 'Control<{ educatorName: string; coachName: string; campus: string; dateOfGoalSetting: Date; awareOfProcess: "yes" | "no"; awareOfFramework: "yes" | "no"; reflectionCompleted: "yes" | "no"; ... 8 more ...; teacherEmail?: string | undefined; }, any, { ...; }>'.
  The types of '_options.resolver' are incompatible between these types.
    Type 'Resolver<{ educatorName: string; coachName: string; campus: string; dateOfGoalSetting: Date; awareOfProcess: "yes" | "no"; awareOfFramework: "yes" | "no"; reflectionCompleted: "yes" | "no"; ... 8 more ...; teacherEmail?: string | undefined; }, any, TFieldValues> | undefined' is not assignable to type 'Resolver<{ educatorName: string; coachName: string; campus: string; dateOfGoalSetting: Date; awareOfProcess: "yes" | "no"; awareOfFramework: "yes" | "no"; reflectionCompleted: "yes" | "no"; ... 8 more ...; teacherEmail?: string | undefined; }, any, { ...; }> | undefined'.
      Type 'Resolver<{ educatorName: string; coachName: string; campus: string; dateOfGoalSetting: Date; awareOfProcess: "yes" | "no"; awareOfFramework: "yes" | "no"; reflectionCompleted: "yes" | "no"; ... 8 more ...; teacherEmail?: string | undefined; }, any, TFieldValues>' is not assignable to type 'Resolver<{ educatorName: string; coachName: string; campus: string; dateOfGoalSetting: Date; awareOfProcess: "yes" | "no"; awareOfFramework: "yes" | "no"; reflectionCompleted: "yes" | "no"; ... 8 more ...; teacherEmail?: string | undefined; }, any, { ...; }>'.
        Type 'ResolverResult<{ educatorName: string; coachName: string; campus: string; dateOfGoalSetting: Date; awareOfProcess: "yes" | "no"; awareOfFramework: "yes" | "no"; reflectionCompleted: "yes" | "no"; ... 8 more ...; teacherEmail?: string | undefined; }, TFieldValues> | Promise<...>' is not assignable to type 'ResolverResult<{ educatorName: string; coachName: string; campus: string; dateOfGoalSetting: Date; awareOfProcess: "yes" | "no"; awareOfFramework: "yes" | "no"; reflectionCompleted: "yes" | "no"; ... 8 more ...; teacherEmail?: string | undefined; }, { ...; }> | Promise<...>'.
          Type 'ResolverSuccess<TFieldValues>' is not assignable to type 'ResolverResult<{ educatorName: string; coachName: string; campus: string; dateOfGoalSetting: Date; awareOfProcess: "yes" | "no"; awareOfFramework: "yes" | "no"; reflectionCompleted: "yes" | "no"; ... 8 more ...; teacherEmail?: string | undefined; }, { ...; }> | Promise<...>'.
            Type 'ResolverSuccess<TFieldValues>' is not assignable to type 'ResolverSuccess<{ educatorName: string; coachName: string; campus: string; dateOfGoalSetting: Date; awareOfProcess: "yes" | "no"; awareOfFramework: "yes" | "no"; reflectionCompleted: "yes" | "no"; ... 8 more ...; teacherEmail?: string | undefined; }>'.
              Type 'TFieldValues' is not assignable to type '{ educatorName: string; coachName: string; campus: string; dateOfGoalSetting: Date; awareOfProcess: "yes" | "no"; awareOfFramework: "yes" | "no"; reflectionCompleted: "yes" | "no"; ... 8 more ...; teacherEmail?: string | undefined; }'.
                Type 'FieldValues' is missing the following properties from type '{ educatorName: string; coachName: string; campus: string; dateOfGoalSetting: Date; awareOfProcess: "yes" | "no"; awareOfFramework: "yes" | "no"; reflectionCompleted: "yes" | "no"; ... 8 more ...; teacherEmail?: string | undefined; }': educatorName, coachName, campus, dateOfGoalSetting, and 10 more.
src/pdi/components/GoalSettingForm.tsx(527,37): error TS2322: Type 'Control<{ educatorName: string; coachName: string; campus: string; dateOfGoalSetting: Date; awareOfProcess: "yes" | "no"; awareOfFramework: "yes" | "no"; reflectionCompleted: "yes" | "no"; ... 8 more ...; teacherEmail?: string | undefined; }, any, TFieldValues>' is not assignable to type 'Control<{ educatorName: string; coachName: string; campus: string; dateOfGoalSetting: Date; awareOfProcess: "yes" | "no"; awareOfFramework: "yes" | "no"; reflectionCompleted: "yes" | "no"; ... 8 more ...; teacherEmail?: string | undefined; }, any, { ...; }>'.
  The types of '_options.resolver' are incompatible between these types.
    Type 'Resolver<{ educatorName: string; coachName: string; campus: string; dateOfGoalSetting: Date; awareOfProcess: "yes" | "no"; awareOfFramework: "yes" | "no"; reflectionCompleted: "yes" | "no"; ... 8 more ...; teacherEmail?: string | undefined; }, any, TFieldValues> | undefined' is not assignable to type 'Resolver<{ educatorName: string; coachName: string; campus: string; dateOfGoalSetting: Date; awareOfProcess: "yes" | "no"; awareOfFramework: "yes" | "no"; reflectionCompleted: "yes" | "no"; ... 8 more ...; teacherEmail?: string | undefined; }, any, { ...; }> | undefined'.
      Type 'Resolver<{ educatorName: string; coachName: string; campus: string; dateOfGoalSetting: Date; awareOfProcess: "yes" | "no"; awareOfFramework: "yes" | "no"; reflectionCompleted: "yes" | "no"; ... 8 more ...; teacherEmail?: string | undefined; }, any, TFieldValues>' is not assignable to type 'Resolver<{ educatorName: string; coachName: string; campus: string; dateOfGoalSetting: Date; awareOfProcess: "yes" | "no"; awareOfFramework: "yes" | "no"; reflectionCompleted: "yes" | "no"; ... 8 more ...; teacherEmail?: string | undefined; }, any, { ...; }>'.
        Type 'ResolverResult<{ educatorName: string; coachName: string; campus: string; dateOfGoalSetting: Date; awareOfProcess: "yes" | "no"; awareOfFramework: "yes" | "no"; reflectionCompleted: "yes" | "no"; ... 8 more ...; teacherEmail?: string | undefined; }, TFieldValues> | Promise<...>' is not assignable to type 'ResolverResult<{ educatorName: string; coachName: string; campus: string; dateOfGoalSetting: Date; awareOfProcess: "yes" | "no"; awareOfFramework: "yes" | "no"; reflectionCompleted: "yes" | "no"; ... 8 more ...; teacherEmail?: string | undefined; }, { ...; }> | Promise<...>'.
          Type 'ResolverSuccess<TFieldValues>' is not assignable to type 'ResolverResult<{ educatorName: string; coachName: string; campus: string; dateOfGoalSetting: Date; awareOfProcess: "yes" | "no"; awareOfFramework: "yes" | "no"; reflectionCompleted: "yes" | "no"; ... 8 more ...; teacherEmail?: string | undefined; }, { ...; }> | Promise<...>'.
            Type 'ResolverSuccess<TFieldValues>' is not assignable to type 'ResolverSuccess<{ educatorName: string; coachName: string; campus: string; dateOfGoalSetting: Date; awareOfProcess: "yes" | "no"; awareOfFramework: "yes" | "no"; reflectionCompleted: "yes" | "no"; ... 8 more ...; teacherEmail?: string | undefined; }>'.
              Type 'TFieldValues' is not assignable to type '{ educatorName: string; coachName: string; campus: string; dateOfGoalSetting: Date; awareOfProcess: "yes" | "no"; awareOfFramework: "yes" | "no"; reflectionCompleted: "yes" | "no"; ... 8 more ...; teacherEmail?: string | undefined; }'.
                Type 'FieldValues' is missing the following properties from type '{ educatorName: string; coachName: string; campus: string; dateOfGoalSetting: Date; awareOfProcess: "yes" | "no"; awareOfFramework: "yes" | "no"; reflectionCompleted: "yes" | "no"; ... 8 more ...; teacherEmail?: string | undefined; }': educatorName, coachName, campus, dateOfGoalSetting, and 10 more.
src/pdi/components/GoalSettingForm.tsx(569,37): error TS2322: Type 'Control<{ educatorName: string; coachName: string; campus: string; dateOfGoalSetting: Date; awareOfProcess: "yes" | "no"; awareOfFramework: "yes" | "no"; reflectionCompleted: "yes" | "no"; ... 8 more ...; teacherEmail?: string | undefined; }, any, TFieldValues>' is not assignable to type 'Control<{ educatorName: string; coachName: string; campus: string; dateOfGoalSetting: Date; awareOfProcess: "yes" | "no"; awareOfFramework: "yes" | "no"; reflectionCompleted: "yes" | "no"; ... 8 more ...; teacherEmail?: string | undefined; }, any, { ...; }>'.
  The types of '_options.resolver' are incompatible between these types.
    Type 'Resolver<{ educatorName: string; coachName: string; campus: string; dateOfGoalSetting: Date; awareOfProcess: "yes" | "no"; awareOfFramework: "yes" | "no"; reflectionCompleted: "yes" | "no"; ... 8 more ...; teacherEmail?: string | undefined; }, any, TFieldValues> | undefined' is not assignable to type 'Resolver<{ educatorName: string; coachName: string; campus: string; dateOfGoalSetting: Date; awareOfProcess: "yes" | "no"; awareOfFramework: "yes" | "no"; reflectionCompleted: "yes" | "no"; ... 8 more ...; teacherEmail?: string | undefined; }, any, { ...; }> | undefined'.
      Type 'Resolver<{ educatorName: string; coachName: string; campus: string; dateOfGoalSetting: Date; awareOfProcess: "yes" | "no"; awareOfFramework: "yes" | "no"; reflectionCompleted: "yes" | "no"; ... 8 more ...; teacherEmail?: string | undefined; }, any, TFieldValues>' is not assignable to type 'Resolver<{ educatorName: string; coachName: string; campus: string; dateOfGoalSetting: Date; awareOfProcess: "yes" | "no"; awareOfFramework: "yes" | "no"; reflectionCompleted: "yes" | "no"; ... 8 more ...; teacherEmail?: string | undefined; }, any, { ...; }>'.
        Type 'ResolverResult<{ educatorName: string; coachName: string; campus: string; dateOfGoalSetting: Date; awareOfProcess: "yes" | "no"; awareOfFramework: "yes" | "no"; reflectionCompleted: "yes" | "no"; ... 8 more ...; teacherEmail?: string | undefined; }, TFieldValues> | Promise<...>' is not assignable to type 'ResolverResult<{ educatorName: string; coachName: string; campus: string; dateOfGoalSetting: Date; awareOfProcess: "yes" | "no"; awareOfFramework: "yes" | "no"; reflectionCompleted: "yes" | "no"; ... 8 more ...; teacherEmail?: string | undefined; }, { ...; }> | Promise<...>'.
          Type 'ResolverSuccess<TFieldValues>' is not assignable to type 'ResolverResult<{ educatorName: string; coachName: string; campus: string; dateOfGoalSetting: Date; awareOfProcess: "yes" | "no"; awareOfFramework: "yes" | "no"; reflectionCompleted: "yes" | "no"; ... 8 more ...; teacherEmail?: string | undefined; }, { ...; }> | Promise<...>'.
            Type 'ResolverSuccess<TFieldValues>' is not assignable to type 'ResolverSuccess<{ educatorName: string; coachName: string; campus: string; dateOfGoalSetting: Date; awareOfProcess: "yes" | "no"; awareOfFramework: "yes" | "no"; reflectionCompleted: "yes" | "no"; ... 8 more ...; teacherEmail?: string | undefined; }>'.
              Type 'TFieldValues' is not assignable to type '{ educatorName: string; coachName: string; campus: string; dateOfGoalSetting: Date; awareOfProcess: "yes" | "no"; awareOfFramework: "yes" | "no"; reflectionCompleted: "yes" | "no"; ... 8 more ...; teacherEmail?: string | undefined; }'.
                Type 'FieldValues' is missing the following properties from type '{ educatorName: string; coachName: string; campus: string; dateOfGoalSetting: Date; awareOfProcess: "yes" | "no"; awareOfFramework: "yes" | "no"; reflectionCompleted: "yes" | "no"; ... 8 more ...; teacherEmail?: string | undefined; }': educatorName, coachName, campus, dateOfGoalSetting, and 10 more.
src/pdi/components/GoalSettingForm.tsx(588,37): error TS2322: Type 'Control<{ educatorName: string; coachName: string; campus: string; dateOfGoalSetting: Date; awareOfProcess: "yes" | "no"; awareOfFramework: "yes" | "no"; reflectionCompleted: "yes" | "no"; ... 8 more ...; teacherEmail?: string | undefined; }, any, TFieldValues>' is not assignable to type 'Control<{ educatorName: string; coachName: string; campus: string; dateOfGoalSetting: Date; awareOfProcess: "yes" | "no"; awareOfFramework: "yes" | "no"; reflectionCompleted: "yes" | "no"; ... 8 more ...; teacherEmail?: string | undefined; }, any, { ...; }>'.
  The types of '_options.resolver' are incompatible between these types.
    Type 'Resolver<{ educatorName: string; coachName: string; campus: string; dateOfGoalSetting: Date; awareOfProcess: "yes" | "no"; awareOfFramework: "yes" | "no"; reflectionCompleted: "yes" | "no"; ... 8 more ...; teacherEmail?: string | undefined; }, any, TFieldValues> | undefined' is not assignable to type 'Resolver<{ educatorName: string; coachName: string; campus: string; dateOfGoalSetting: Date; awareOfProcess: "yes" | "no"; awareOfFramework: "yes" | "no"; reflectionCompleted: "yes" | "no"; ... 8 more ...; teacherEmail?: string | undefined; }, any, { ...; }> | undefined'.
      Type 'Resolver<{ educatorName: string; coachName: string; campus: string; dateOfGoalSetting: Date; awareOfProcess: "yes" | "no"; awareOfFramework: "yes" | "no"; reflectionCompleted: "yes" | "no"; ... 8 more ...; teacherEmail?: string | undefined; }, any, TFieldValues>' is not assignable to type 'Resolver<{ educatorName: string; coachName: string; campus: string; dateOfGoalSetting: Date; awareOfProcess: "yes" | "no"; awareOfFramework: "yes" | "no"; reflectionCompleted: "yes" | "no"; ... 8 more ...; teacherEmail?: string | undefined; }, any, { ...; }>'.
        Type 'ResolverResult<{ educatorName: string; coachName: string; campus: string; dateOfGoalSetting: Date; awareOfProcess: "yes" | "no"; awareOfFramework: "yes" | "no"; reflectionCompleted: "yes" | "no"; ... 8 more ...; teacherEmail?: string | undefined; }, TFieldValues> | Promise<...>' is not assignable to type 'ResolverResult<{ educatorName: string; coachName: string; campus: string; dateOfGoalSetting: Date; awareOfProcess: "yes" | "no"; awareOfFramework: "yes" | "no"; reflectionCompleted: "yes" | "no"; ... 8 more ...; teacherEmail?: string | undefined; }, { ...; }> | Promise<...>'.
          Type 'ResolverSuccess<TFieldValues>' is not assignable to type 'ResolverResult<{ educatorName: string; coachName: string; campus: string; dateOfGoalSetting: Date; awareOfProcess: "yes" | "no"; awareOfFramework: "yes" | "no"; reflectionCompleted: "yes" | "no"; ... 8 more ...; teacherEmail?: string | undefined; }, { ...; }> | Promise<...>'.
            Type 'ResolverSuccess<TFieldValues>' is not assignable to type 'ResolverSuccess<{ educatorName: string; coachName: string; campus: string; dateOfGoalSetting: Date; awareOfProcess: "yes" | "no"; awareOfFramework: "yes" | "no"; reflectionCompleted: "yes" | "no"; ... 8 more ...; teacherEmail?: string | undefined; }>'.
              Type 'TFieldValues' is not assignable to type '{ educatorName: string; coachName: string; campus: string; dateOfGoalSetting: Date; awareOfProcess: "yes" | "no"; awareOfFramework: "yes" | "no"; reflectionCompleted: "yes" | "no"; ... 8 more ...; teacherEmail?: string | undefined; }'.
                Type 'FieldValues' is missing the following properties from type '{ educatorName: string; coachName: string; campus: string; dateOfGoalSetting: Date; awareOfProcess: "yes" | "no"; awareOfFramework: "yes" | "no"; reflectionCompleted: "yes" | "no"; ... 8 more ...; teacherEmail?: string | undefined; }': educatorName, coachName, campus, dateOfGoalSetting, and 10 more.
src/pdi/components/GoalSettingForm.tsx(606,37): error TS2322: Type 'Control<{ educatorName: string; coachName: string; campus: string; dateOfGoalSetting: Date; awareOfProcess: "yes" | "no"; awareOfFramework: "yes" | "no"; reflectionCompleted: "yes" | "no"; ... 8 more ...; teacherEmail?: string | undefined; }, any, TFieldValues>' is not assignable to type 'Control<{ educatorName: string; coachName: string; campus: string; dateOfGoalSetting: Date; awareOfProcess: "yes" | "no"; awareOfFramework: "yes" | "no"; reflectionCompleted: "yes" | "no"; ... 8 more ...; teacherEmail?: string | undefined; }, any, { ...; }>'.
  The types of '_options.resolver' are incompatible between these types.
    Type 'Resolver<{ educatorName: string; coachName: string; campus: string; dateOfGoalSetting: Date; awareOfProcess: "yes" | "no"; awareOfFramework: "yes" | "no"; reflectionCompleted: "yes" | "no"; ... 8 more ...; teacherEmail?: string | undefined; }, any, TFieldValues> | undefined' is not assignable to type 'Resolver<{ educatorName: string; coachName: string; campus: string; dateOfGoalSetting: Date; awareOfProcess: "yes" | "no"; awareOfFramework: "yes" | "no"; reflectionCompleted: "yes" | "no"; ... 8 more ...; teacherEmail?: string | undefined; }, any, { ...; }> | undefined'.
      Type 'Resolver<{ educatorName: string; coachName: string; campus: string; dateOfGoalSetting: Date; awareOfProcess: "yes" | "no"; awareOfFramework: "yes" | "no"; reflectionCompleted: "yes" | "no"; ... 8 more ...; teacherEmail?: string | undefined; }, any, TFieldValues>' is not assignable to type 'Resolver<{ educatorName: string; coachName: string; campus: string; dateOfGoalSetting: Date; awareOfProcess: "yes" | "no"; awareOfFramework: "yes" | "no"; reflectionCompleted: "yes" | "no"; ... 8 more ...; teacherEmail?: string | undefined; }, any, { ...; }>'.
        Type 'ResolverResult<{ educatorName: string; coachName: string; campus: string; dateOfGoalSetting: Date; awareOfProcess: "yes" | "no"; awareOfFramework: "yes" | "no"; reflectionCompleted: "yes" | "no"; ... 8 more ...; teacherEmail?: string | undefined; }, TFieldValues> | Promise<...>' is not assignable to type 'ResolverResult<{ educatorName: string; coachName: string; campus: string; dateOfGoalSetting: Date; awareOfProcess: "yes" | "no"; awareOfFramework: "yes" | "no"; reflectionCompleted: "yes" | "no"; ... 8 more ...; teacherEmail?: string | undefined; }, { ...; }> | Promise<...>'.
          Type 'ResolverSuccess<TFieldValues>' is not assignable to type 'ResolverResult<{ educatorName: string; coachName: string; campus: string; dateOfGoalSetting: Date; awareOfProcess: "yes" | "no"; awareOfFramework: "yes" | "no"; reflectionCompleted: "yes" | "no"; ... 8 more ...; teacherEmail?: string | undefined; }, { ...; }> | Promise<...>'.
            Type 'ResolverSuccess<TFieldValues>' is not assignable to type 'ResolverSuccess<{ educatorName: string; coachName: string; campus: string; dateOfGoalSetting: Date; awareOfProcess: "yes" | "no"; awareOfFramework: "yes" | "no"; reflectionCompleted: "yes" | "no"; ... 8 more ...; teacherEmail?: string | undefined; }>'.
              Type 'TFieldValues' is not assignable to type '{ educatorName: string; coachName: string; campus: string; dateOfGoalSetting: Date; awareOfProcess: "yes" | "no"; awareOfFramework: "yes" | "no"; reflectionCompleted: "yes" | "no"; ... 8 more ...; teacherEmail?: string | undefined; }'.
                Type 'FieldValues' is missing the following properties from type '{ educatorName: string; coachName: string; campus: string; dateOfGoalSetting: Date; awareOfProcess: "yes" | "no"; awareOfFramework: "yes" | "no"; reflectionCompleted: "yes" | "no"; ... 8 more ...; teacherEmail?: string | undefined; }': educatorName, coachName, campus, dateOfGoalSetting, and 10 more.
src/pdi/components/GoalSettingForm.tsx(625,37): error TS2322: Type 'Control<{ educatorName: string; coachName: string; campus: string; dateOfGoalSetting: Date; awareOfProcess: "yes" | "no"; awareOfFramework: "yes" | "no"; reflectionCompleted: "yes" | "no"; ... 8 more ...; teacherEmail?: string | undefined; }, any, TFieldValues>' is not assignable to type 'Control<{ educatorName: string; coachName: string; campus: string; dateOfGoalSetting: Date; awareOfProcess: "yes" | "no"; awareOfFramework: "yes" | "no"; reflectionCompleted: "yes" | "no"; ... 8 more ...; teacherEmail?: string | undefined; }, any, { ...; }>'.
  The types of '_options.resolver' are incompatible between these types.
    Type 'Resolver<{ educatorName: string; coachName: string; campus: string; dateOfGoalSetting: Date; awareOfProcess: "yes" | "no"; awareOfFramework: "yes" | "no"; reflectionCompleted: "yes" | "no"; ... 8 more ...; teacherEmail?: string | undefined; }, any, TFieldValues> | undefined' is not assignable to type 'Resolver<{ educatorName: string; coachName: string; campus: string; dateOfGoalSetting: Date; awareOfProcess: "yes" | "no"; awareOfFramework: "yes" | "no"; reflectionCompleted: "yes" | "no"; ... 8 more ...; teacherEmail?: string | undefined; }, any, { ...; }> | undefined'.
      Type 'Resolver<{ educatorName: string; coachName: string; campus: string; dateOfGoalSetting: Date; awareOfProcess: "yes" | "no"; awareOfFramework: "yes" | "no"; reflectionCompleted: "yes" | "no"; ... 8 more ...; teacherEmail?: string | undefined; }, any, TFieldValues>' is not assignable to type 'Resolver<{ educatorName: string; coachName: string; campus: string; dateOfGoalSetting: Date; awareOfProcess: "yes" | "no"; awareOfFramework: "yes" | "no"; reflectionCompleted: "yes" | "no"; ... 8 more ...; teacherEmail?: string | undefined; }, any, { ...; }>'.
        Type 'ResolverResult<{ educatorName: string; coachName: string; campus: string; dateOfGoalSetting: Date; awareOfProcess: "yes" | "no"; awareOfFramework: "yes" | "no"; reflectionCompleted: "yes" | "no"; ... 8 more ...; teacherEmail?: string | undefined; }, TFieldValues> | Promise<...>' is not assignable to type 'ResolverResult<{ educatorName: string; coachName: string; campus: string; dateOfGoalSetting: Date; awareOfProcess: "yes" | "no"; awareOfFramework: "yes" | "no"; reflectionCompleted: "yes" | "no"; ... 8 more ...; teacherEmail?: string | undefined; }, { ...; }> | Promise<...>'.
          Type 'ResolverSuccess<TFieldValues>' is not assignable to type 'ResolverResult<{ educatorName: string; coachName: string; campus: string; dateOfGoalSetting: Date; awareOfProcess: "yes" | "no"; awareOfFramework: "yes" | "no"; reflectionCompleted: "yes" | "no"; ... 8 more ...; teacherEmail?: string | undefined; }, { ...; }> | Promise<...>'.
            Type 'ResolverSuccess<TFieldValues>' is not assignable to type 'ResolverSuccess<{ educatorName: string; coachName: string; campus: string; dateOfGoalSetting: Date; awareOfProcess: "yes" | "no"; awareOfFramework: "yes" | "no"; reflectionCompleted: "yes" | "no"; ... 8 more ...; teacherEmail?: string | undefined; }>'.
              Type 'TFieldValues' is not assignable to type '{ educatorName: string; coachName: string; campus: string; dateOfGoalSetting: Date; awareOfProcess: "yes" | "no"; awareOfFramework: "yes" | "no"; reflectionCompleted: "yes" | "no"; ... 8 more ...; teacherEmail?: string | undefined; }'.
                Type 'FieldValues' is missing the following properties from type '{ educatorName: string; coachName: string; campus: string; dateOfGoalSetting: Date; awareOfProcess: "yes" | "no"; awareOfFramework: "yes" | "no"; reflectionCompleted: "yes" | "no"; ... 8 more ...; teacherEmail?: string | undefined; }': educatorName, coachName, campus, dateOfGoalSetting, and 10 more.
src/pdi/components/GoalSettingForm.tsx(651,37): error TS2322: Type 'Control<{ educatorName: string; coachName: string; campus: string; dateOfGoalSetting: Date; awareOfProcess: "yes" | "no"; awareOfFramework: "yes" | "no"; reflectionCompleted: "yes" | "no"; ... 8 more ...; teacherEmail?: string | undefined; }, any, TFieldValues>' is not assignable to type 'Control<{ educatorName: string; coachName: string; campus: string; dateOfGoalSetting: Date; awareOfProcess: "yes" | "no"; awareOfFramework: "yes" | "no"; reflectionCompleted: "yes" | "no"; ... 8 more ...; teacherEmail?: string | undefined; }, any, { ...; }>'.
  The types of '_options.resolver' are incompatible between these types.
    Type 'Resolver<{ educatorName: string; coachName: string; campus: string; dateOfGoalSetting: Date; awareOfProcess: "yes" | "no"; awareOfFramework: "yes" | "no"; reflectionCompleted: "yes" | "no"; ... 8 more ...; teacherEmail?: string | undefined; }, any, TFieldValues> | undefined' is not assignable to type 'Resolver<{ educatorName: string; coachName: string; campus: string; dateOfGoalSetting: Date; awareOfProcess: "yes" | "no"; awareOfFramework: "yes" | "no"; reflectionCompleted: "yes" | "no"; ... 8 more ...; teacherEmail?: string | undefined; }, any, { ...; }> | undefined'.
      Type 'Resolver<{ educatorName: string; coachName: string; campus: string; dateOfGoalSetting: Date; awareOfProcess: "yes" | "no"; awareOfFramework: "yes" | "no"; reflectionCompleted: "yes" | "no"; ... 8 more ...; teacherEmail?: string | undefined; }, any, TFieldValues>' is not assignable to type 'Resolver<{ educatorName: string; coachName: string; campus: string; dateOfGoalSetting: Date; awareOfProcess: "yes" | "no"; awareOfFramework: "yes" | "no"; reflectionCompleted: "yes" | "no"; ... 8 more ...; teacherEmail?: string | undefined; }, any, { ...; }>'.
        Type 'ResolverResult<{ educatorName: string; coachName: string; campus: string; dateOfGoalSetting: Date; awareOfProcess: "yes" | "no"; awareOfFramework: "yes" | "no"; reflectionCompleted: "yes" | "no"; ... 8 more ...; teacherEmail?: string | undefined; }, TFieldValues> | Promise<...>' is not assignable to type 'ResolverResult<{ educatorName: string; coachName: string; campus: string; dateOfGoalSetting: Date; awareOfProcess: "yes" | "no"; awareOfFramework: "yes" | "no"; reflectionCompleted: "yes" | "no"; ... 8 more ...; teacherEmail?: string | undefined; }, { ...; }> | Promise<...>'.
          Type 'ResolverSuccess<TFieldValues>' is not assignable to type 'ResolverResult<{ educatorName: string; coachName: string; campus: string; dateOfGoalSetting: Date; awareOfProcess: "yes" | "no"; awareOfFramework: "yes" | "no"; reflectionCompleted: "yes" | "no"; ... 8 more ...; teacherEmail?: string | undefined; }, { ...; }> | Promise<...>'.
            Type 'ResolverSuccess<TFieldValues>' is not assignable to type 'ResolverSuccess<{ educatorName: string; coachName: string; campus: string; dateOfGoalSetting: Date; awareOfProcess: "yes" | "no"; awareOfFramework: "yes" | "no"; reflectionCompleted: "yes" | "no"; ... 8 more ...; teacherEmail?: string | undefined; }>'.
              Type 'TFieldValues' is not assignable to type '{ educatorName: string; coachName: string; campus: string; dateOfGoalSetting: Date; awareOfProcess: "yes" | "no"; awareOfFramework: "yes" | "no"; reflectionCompleted: "yes" | "no"; ... 8 more ...; teacherEmail?: string | undefined; }'.
                Type 'FieldValues' is missing the following properties from type '{ educatorName: string; coachName: string; campus: string; dateOfGoalSetting: Date; awareOfProcess: "yes" | "no"; awareOfFramework: "yes" | "no"; reflectionCompleted: "yes" | "no"; ... 8 more ...; teacherEmail?: string | undefined; }': educatorName, coachName, campus, dateOfGoalSetting, and 10 more.
src/pdi/components/growth/GrowthAnalyticsView.tsx(81,91): error TS2304: Cannot find name 'getDisplayValue'.
src/pdi/components/growth/GrowthAnalyticsView.tsx(187,22): error TS2552: Cannot find name 'motion'. Did you mean 'Option'?
src/pdi/components/growth/GrowthAnalyticsView.tsx(208,23): error TS2552: Cannot find name 'motion'. Did you mean 'Option'?
src/pdi/components/growth/GrowthAnalyticsView.tsx(214,18): error TS2552: Cannot find name 'motion'. Did you mean 'Option'?
src/pdi/components/growth/GrowthAnalyticsView.tsx(265,19): error TS2552: Cannot find name 'motion'. Did you mean 'Option'?
src/pdi/components/growth/GrowthAnalyticsView.tsx(268,18): error TS2304: Cannot find name 'motion'.
src/pdi/components/growth/GrowthAnalyticsView.tsx(298,19): error TS2304: Cannot find name 'motion'.
src/pdi/components/growth/GrowthAnalyticsView.tsx(302,14): error TS2552: Cannot find name 'motion'. Did you mean 'Option'?
src/pdi/components/growth/GrowthAnalyticsView.tsx(369,15): error TS2552: Cannot find name 'motion'. Did you mean 'Option'?
src/pdi/components/growth/GrowthAnalyticsView.tsx(372,14): error TS2552: Cannot find name 'motion'. Did you mean 'Option'?
src/pdi/components/growth/GrowthAnalyticsView.tsx(523,15): error TS2552: Cannot find name 'motion'. Did you mean 'Option'?
src/pdi/components/growth/GrowthAnalyticsView.tsx(526,14): error TS2552: Cannot find name 'motion'. Did you mean 'Option'?
src/pdi/components/growth/GrowthAnalyticsView.tsx(569,15): error TS2552: Cannot find name 'motion'. Did you mean 'Option'?
src/pdi/components/layout/DashboardSidebar.tsx(119,11): error TS2322: Type 'Icon' is not assignable to type 'IconComponent'.
  Type 'ForwardRefExoticComponent<IconProps>' is not assignable to type 'FunctionComponent<{ className?: string | undefined; size?: string | number | undefined; weight?: string | undefined; }>'.
    Types of parameters 'props' and 'props' are incompatible.
      Type '{ className?: string | undefined; size?: string | number | undefined; weight?: string | undefined; }' is not assignable to type 'IconProps'.
        Types of property 'weight' are incompatible.
          Type 'string | undefined' is not assignable to type 'IconWeight | undefined'.
            Type 'string' is not assignable to type 'IconWeight | undefined'.
src/pdi/components/layout/DashboardSidebar.tsx(120,11): error TS2322: Type '{ title: string; path: string; icon: Icon; }[]' is not assignable to type 'SubModule[]'.
  Type '{ title: string; path: string; icon: Icon; }' is not assignable to type 'SubModule'.
    Types of property 'icon' are incompatible.
      Type 'Icon' is not assignable to type 'IconComponent | undefined'.
        Type 'ForwardRefExoticComponent<IconProps>' is not assignable to type 'FunctionComponent<{ className?: string | undefined; size?: string | number | undefined; weight?: string | undefined; }>'.
          Types of parameters 'props' and 'props' are incompatible.
            Type '{ className?: string | undefined; size?: string | number | undefined; weight?: string | undefined; }' is not assignable to type 'IconProps'.
              Types of property 'weight' are incompatible.
                Type 'string | undefined' is not assignable to type 'IconWeight | undefined'.
                  Type 'string' is not assignable to type 'IconWeight | undefined'.
src/pdi/components/layout/DashboardSidebar.tsx(124,11): error TS2322: Type 'Icon' is not assignable to type 'IconComponent'.
  Type 'ForwardRefExoticComponent<IconProps>' is not assignable to type 'FunctionComponent<{ className?: string | undefined; size?: string | number | undefined; weight?: string | undefined; }>'.
    Types of parameters 'props' and 'props' are incompatible.
      Type '{ className?: string | undefined; size?: string | number | undefined; weight?: string | undefined; }' is not assignable to type 'IconProps'.
        Types of property 'weight' are incompatible.
          Type 'string | undefined' is not assignable to type 'IconWeight | undefined'.
            Type 'string' is not assignable to type 'IconWeight | undefined'.
src/pdi/components/layout/DashboardSidebar.tsx(133,11): error TS2322: Type 'Icon' is not assignable to type 'IconComponent'.
  Type 'ForwardRefExoticComponent<IconProps>' is not assignable to type 'FunctionComponent<{ className?: string | undefined; size?: string | number | undefined; weight?: string | undefined; }>'.
    Types of parameters 'props' and 'props' are incompatible.
      Type '{ className?: string | undefined; size?: string | number | undefined; weight?: string | undefined; }' is not assignable to type 'IconProps'.
        Types of property 'weight' are incompatible.
          Type 'string | undefined' is not assignable to type 'IconWeight | undefined'.
            Type 'string' is not assignable to type 'IconWeight | undefined'.
src/pdi/components/layout/DashboardSidebar.tsx(141,11): error TS2322: Type 'Icon' is not assignable to type 'IconComponent'.
  Type 'ForwardRefExoticComponent<IconProps>' is not assignable to type 'FunctionComponent<{ className?: string | undefined; size?: string | number | undefined; weight?: string | undefined; }>'.
    Types of parameters 'props' and 'props' are incompatible.
      Type '{ className?: string | undefined; size?: string | number | undefined; weight?: string | undefined; }' is not assignable to type 'IconProps'.
        Types of property 'weight' are incompatible.
          Type 'string | undefined' is not assignable to type 'IconWeight | undefined'.
            Type 'string' is not assignable to type 'IconWeight | undefined'.
src/pdi/components/layout/DashboardSidebar.tsx(151,11): error TS2322: Type 'Icon' is not assignable to type 'IconComponent'.
  Type 'ForwardRefExoticComponent<IconProps>' is not assignable to type 'FunctionComponent<{ className?: string | undefined; size?: string | number | undefined; weight?: string | undefined; }>'.
    Types of parameters 'props' and 'props' are incompatible.
      Type '{ className?: string | undefined; size?: string | number | undefined; weight?: string | undefined; }' is not assignable to type 'IconProps'.
        Types of property 'weight' are incompatible.
          Type 'string | undefined' is not assignable to type 'IconWeight | undefined'.
            Type 'string' is not assignable to type 'IconWeight | undefined'.
src/pdi/components/layout/DashboardSidebar.tsx(159,11): error TS2322: Type 'Icon' is not assignable to type 'IconComponent'.
  Type 'ForwardRefExoticComponent<IconProps>' is not assignable to type 'FunctionComponent<{ className?: string | undefined; size?: string | number | undefined; weight?: string | undefined; }>'.
    Types of parameters 'props' and 'props' are incompatible.
      Type '{ className?: string | undefined; size?: string | number | undefined; weight?: string | undefined; }' is not assignable to type 'IconProps'.
        Types of property 'weight' are incompatible.
          Type 'string | undefined' is not assignable to type 'IconWeight | undefined'.
            Type 'string' is not assignable to type 'IconWeight | undefined'.
src/pdi/components/layout/DashboardSidebar.tsx(168,11): error TS2322: Type 'Icon' is not assignable to type 'IconComponent'.
  Type 'ForwardRefExoticComponent<IconProps>' is not assignable to type 'FunctionComponent<{ className?: string | undefined; size?: string | number | undefined; weight?: string | undefined; }>'.
    Types of parameters 'props' and 'props' are incompatible.
      Type '{ className?: string | undefined; size?: string | number | undefined; weight?: string | undefined; }' is not assignable to type 'IconProps'.
        Types of property 'weight' are incompatible.
          Type 'string | undefined' is not assignable to type 'IconWeight | undefined'.
            Type 'string' is not assignable to type 'IconWeight | undefined'.
src/pdi/components/layout/DashboardSidebar.tsx(173,11): error TS2322: Type 'Icon' is not assignable to type 'IconComponent'.
  Type 'ForwardRefExoticComponent<IconProps>' is not assignable to type 'FunctionComponent<{ className?: string | undefined; size?: string | number | undefined; weight?: string | undefined; }>'.
    Types of parameters 'props' and 'props' are incompatible.
      Type '{ className?: string | undefined; size?: string | number | undefined; weight?: string | undefined; }' is not assignable to type 'IconProps'.
        Types of property 'weight' are incompatible.
          Type 'string | undefined' is not assignable to type 'IconWeight | undefined'.
            Type 'string' is not assignable to type 'IconWeight | undefined'.
src/pdi/components/layout/DashboardSidebar.tsx(183,11): error TS2322: Type 'Icon' is not assignable to type 'IconComponent'.
  Type 'ForwardRefExoticComponent<IconProps>' is not assignable to type 'FunctionComponent<{ className?: string | undefined; size?: string | number | undefined; weight?: string | undefined; }>'.
    Types of parameters 'props' and 'props' are incompatible.
      Type '{ className?: string | undefined; size?: string | number | undefined; weight?: string | undefined; }' is not assignable to type 'IconProps'.
        Types of property 'weight' are incompatible.
          Type 'string | undefined' is not assignable to type 'IconWeight | undefined'.
            Type 'string' is not assignable to type 'IconWeight | undefined'.
src/pdi/components/layout/DashboardSidebar.tsx(185,92): error TS2322: Type 'Icon' is not assignable to type 'IconComponent | undefined'.
  Type 'ForwardRefExoticComponent<IconProps>' is not assignable to type 'FunctionComponent<{ className?: string | undefined; size?: string | number | undefined; weight?: string | undefined; }>'.
    Types of parameters 'props' and 'props' are incompatible.
      Type '{ className?: string | undefined; size?: string | number | undefined; weight?: string | undefined; }' is not assignable to type 'IconProps'.
        Types of property 'weight' are incompatible.
          Type 'string | undefined' is not assignable to type 'IconWeight | undefined'.
            Type 'string' is not assignable to type 'IconWeight | undefined'.
src/pdi/components/layout/DashboardSidebar.tsx(198,11): error TS2322: Type 'Icon' is not assignable to type 'IconComponent'.
  Type 'ForwardRefExoticComponent<IconProps>' is not assignable to type 'FunctionComponent<{ className?: string | undefined; size?: string | number | undefined; weight?: string | undefined; }>'.
    Types of parameters 'props' and 'props' are incompatible.
      Type '{ className?: string | undefined; size?: string | number | undefined; weight?: string | undefined; }' is not assignable to type 'IconProps'.
        Types of property 'weight' are incompatible.
          Type 'string | undefined' is not assignable to type 'IconWeight | undefined'.
            Type 'string' is not assignable to type 'IconWeight | undefined'.
src/pdi/components/layout/DashboardSidebar.tsx(208,11): error TS2322: Type 'Icon' is not assignable to type 'IconComponent'.
  Type 'ForwardRefExoticComponent<IconProps>' is not assignable to type 'FunctionComponent<{ className?: string | undefined; size?: string | number | undefined; weight?: string | undefined; }>'.
    Types of parameters 'props' and 'props' are incompatible.
      Type '{ className?: string | undefined; size?: string | number | undefined; weight?: string | undefined; }' is not assignable to type 'IconProps'.
        Types of property 'weight' are incompatible.
          Type 'string | undefined' is not assignable to type 'IconWeight | undefined'.
            Type 'string' is not assignable to type 'IconWeight | undefined'.
src/pdi/components/layout/DashboardSidebar.tsx(209,11): error TS2322: Type '{ title: string; path: string; icon: Icon; }[]' is not assignable to type 'SubModule[]'.
  Type '{ title: string; path: string; icon: Icon; }' is not assignable to type 'SubModule'.
    Types of property 'icon' are incompatible.
      Type 'Icon' is not assignable to type 'IconComponent | undefined'.
        Type 'ForwardRefExoticComponent<IconProps>' is not assignable to type 'FunctionComponent<{ className?: string | undefined; size?: string | number | undefined; weight?: string | undefined; }>'.
          Types of parameters 'props' and 'props' are incompatible.
            Type '{ className?: string | undefined; size?: string | number | undefined; weight?: string | undefined; }' is not assignable to type 'IconProps'.
              Types of property 'weight' are incompatible.
                Type 'string | undefined' is not assignable to type 'IconWeight | undefined'.
                  Type 'string' is not assignable to type 'IconWeight | undefined'.
src/pdi/components/layout/DashboardSidebar.tsx(213,11): error TS2322: Type 'Icon' is not assignable to type 'IconComponent'.
  Type 'ForwardRefExoticComponent<IconProps>' is not assignable to type 'FunctionComponent<{ className?: string | undefined; size?: string | number | undefined; weight?: string | undefined; }>'.
    Types of parameters 'props' and 'props' are incompatible.
      Type '{ className?: string | undefined; size?: string | number | undefined; weight?: string | undefined; }' is not assignable to type 'IconProps'.
        Types of property 'weight' are incompatible.
          Type 'string | undefined' is not assignable to type 'IconWeight | undefined'.
            Type 'string' is not assignable to type 'IconWeight | undefined'.
src/pdi/components/layout/DashboardSidebar.tsx(223,11): error TS2322: Type 'Icon' is not assignable to type 'IconComponent'.
  Type 'ForwardRefExoticComponent<IconProps>' is not assignable to type 'FunctionComponent<{ className?: string | undefined; size?: string | number | undefined; weight?: string | undefined; }>'.
    Types of parameters 'props' and 'props' are incompatible.
      Type '{ className?: string | undefined; size?: string | number | undefined; weight?: string | undefined; }' is not assignable to type 'IconProps'.
        Types of property 'weight' are incompatible.
          Type 'string | undefined' is not assignable to type 'IconWeight | undefined'.
            Type 'string' is not assignable to type 'IconWeight | undefined'.
src/pdi/components/layout/DashboardSidebar.tsx(225,92): error TS2322: Type 'Icon' is not assignable to type 'IconComponent | undefined'.
  Type 'ForwardRefExoticComponent<IconProps>' is not assignable to type 'FunctionComponent<{ className?: string | undefined; size?: string | number | undefined; weight?: string | undefined; }>'.
    Types of parameters 'props' and 'props' are incompatible.
      Type '{ className?: string | undefined; size?: string | number | undefined; weight?: string | undefined; }' is not assignable to type 'IconProps'.
        Types of property 'weight' are incompatible.
          Type 'string | undefined' is not assignable to type 'IconWeight | undefined'.
            Type 'string' is not assignable to type 'IconWeight | undefined'.
src/pdi/components/layout/DashboardSidebar.tsx(243,11): error TS2322: Type 'Icon' is not assignable to type 'IconComponent'.
  Type 'ForwardRefExoticComponent<IconProps>' is not assignable to type 'FunctionComponent<{ className?: string | undefined; size?: string | number | undefined; weight?: string | undefined; }>'.
    Types of parameters 'props' and 'props' are incompatible.
      Type '{ className?: string | undefined; size?: string | number | undefined; weight?: string | undefined; }' is not assignable to type 'IconProps'.
        Types of property 'weight' are incompatible.
          Type 'string | undefined' is not assignable to type 'IconWeight | undefined'.
            Type 'string' is not assignable to type 'IconWeight | undefined'.
src/pdi/components/layout/DashboardSidebar.tsx(244,11): error TS2322: Type '{ title: string; path: string; icon: Icon; }[]' is not assignable to type 'SubModule[]'.
  Type '{ title: string; path: string; icon: Icon; }' is not assignable to type 'SubModule'.
    Types of property 'icon' are incompatible.
      Type 'Icon' is not assignable to type 'IconComponent | undefined'.
        Type 'ForwardRefExoticComponent<IconProps>' is not assignable to type 'FunctionComponent<{ className?: string | undefined; size?: string | number | undefined; weight?: string | undefined; }>'.
          Types of parameters 'props' and 'props' are incompatible.
            Type '{ className?: string | undefined; size?: string | number | undefined; weight?: string | undefined; }' is not assignable to type 'IconProps'.
              Types of property 'weight' are incompatible.
                Type 'string | undefined' is not assignable to type 'IconWeight | undefined'.
                  Type 'string' is not assignable to type 'IconWeight | undefined'.
src/pdi/components/layout/DashboardSidebar.tsx(248,11): error TS2322: Type 'Icon' is not assignable to type 'IconComponent'.
  Type 'ForwardRefExoticComponent<IconProps>' is not assignable to type 'FunctionComponent<{ className?: string | undefined; size?: string | number | undefined; weight?: string | undefined; }>'.
    Types of parameters 'props' and 'props' are incompatible.
      Type '{ className?: string | undefined; size?: string | number | undefined; weight?: string | undefined; }' is not assignable to type 'IconProps'.
        Types of property 'weight' are incompatible.
          Type 'string | undefined' is not assignable to type 'IconWeight | undefined'.
            Type 'string' is not assignable to type 'IconWeight | undefined'.
src/pdi/components/layout/DashboardSidebar.tsx(258,11): error TS2322: Type 'Icon' is not assignable to type 'IconComponent'.
  Type 'ForwardRefExoticComponent<IconProps>' is not assignable to type 'FunctionComponent<{ className?: string | undefined; size?: string | number | undefined; weight?: string | undefined; }>'.
    Types of parameters 'props' and 'props' are incompatible.
      Type '{ className?: string | undefined; size?: string | number | undefined; weight?: string | undefined; }' is not assignable to type 'IconProps'.
        Types of property 'weight' are incompatible.
          Type 'string | undefined' is not assignable to type 'IconWeight | undefined'.
            Type 'string' is not assignable to type 'IconWeight | undefined'.
src/pdi/components/layout/DashboardSidebar.tsx(266,11): error TS2322: Type 'Icon' is not assignable to type 'IconComponent'.
  Type 'ForwardRefExoticComponent<IconProps>' is not assignable to type 'FunctionComponent<{ className?: string | undefined; size?: string | number | undefined; weight?: string | undefined; }>'.
    Types of parameters 'props' and 'props' are incompatible.
      Type '{ className?: string | undefined; size?: string | number | undefined; weight?: string | undefined; }' is not assignable to type 'IconProps'.
        Types of property 'weight' are incompatible.
          Type 'string | undefined' is not assignable to type 'IconWeight | undefined'.
            Type 'string' is not assignable to type 'IconWeight | undefined'.
src/pdi/components/layout/DashboardSidebar.tsx(274,11): error TS2322: Type 'Icon' is not assignable to type 'IconComponent'.
  Type 'ForwardRefExoticComponent<IconProps>' is not assignable to type 'FunctionComponent<{ className?: string | undefined; size?: string | number | undefined; weight?: string | undefined; }>'.
    Types of parameters 'props' and 'props' are incompatible.
      Type '{ className?: string | undefined; size?: string | number | undefined; weight?: string | undefined; }' is not assignable to type 'IconProps'.
        Types of property 'weight' are incompatible.
          Type 'string | undefined' is not assignable to type 'IconWeight | undefined'.
            Type 'string' is not assignable to type 'IconWeight | undefined'.
src/pdi/components/layout/DashboardSidebar.tsx(284,11): error TS2322: Type 'Icon' is not assignable to type 'IconComponent'.
  Type 'ForwardRefExoticComponent<IconProps>' is not assignable to type 'FunctionComponent<{ className?: string | undefined; size?: string | number | undefined; weight?: string | undefined; }>'.
    Types of parameters 'props' and 'props' are incompatible.
      Type '{ className?: string | undefined; size?: string | number | undefined; weight?: string | undefined; }' is not assignable to type 'IconProps'.
        Types of property 'weight' are incompatible.
          Type 'string | undefined' is not assignable to type 'IconWeight | undefined'.
            Type 'string' is not assignable to type 'IconWeight | undefined'.
src/pdi/components/layout/DashboardSidebar.tsx(293,11): error TS2322: Type 'Icon' is not assignable to type 'IconComponent'.
  Type 'ForwardRefExoticComponent<IconProps>' is not assignable to type 'FunctionComponent<{ className?: string | undefined; size?: string | number | undefined; weight?: string | undefined; }>'.
    Types of parameters 'props' and 'props' are incompatible.
      Type '{ className?: string | undefined; size?: string | number | undefined; weight?: string | undefined; }' is not assignable to type 'IconProps'.
        Types of property 'weight' are incompatible.
          Type 'string | undefined' is not assignable to type 'IconWeight | undefined'.
            Type 'string' is not assignable to type 'IconWeight | undefined'.
src/pdi/components/layout/DashboardSidebar.tsx(306,11): error TS2322: Type 'Icon' is not assignable to type 'IconComponent'.
  Type 'ForwardRefExoticComponent<IconProps>' is not assignable to type 'FunctionComponent<{ className?: string | undefined; size?: string | number | undefined; weight?: string | undefined; }>'.
    Types of parameters 'props' and 'props' are incompatible.
      Type '{ className?: string | undefined; size?: string | number | undefined; weight?: string | undefined; }' is not assignable to type 'IconProps'.
        Types of property 'weight' are incompatible.
          Type 'string | undefined' is not assignable to type 'IconWeight | undefined'.
            Type 'string' is not assignable to type 'IconWeight | undefined'.
src/pdi/components/layout/DashboardSidebar.tsx(316,11): error TS2322: Type 'Icon' is not assignable to type 'IconComponent'.
  Type 'ForwardRefExoticComponent<IconProps>' is not assignable to type 'FunctionComponent<{ className?: string | undefined; size?: string | number | undefined; weight?: string | undefined; }>'.
    Types of parameters 'props' and 'props' are incompatible.
      Type '{ className?: string | undefined; size?: string | number | undefined; weight?: string | undefined; }' is not assignable to type 'IconProps'.
        Types of property 'weight' are incompatible.
          Type 'string | undefined' is not assignable to type 'IconWeight | undefined'.
            Type 'string' is not assignable to type 'IconWeight | undefined'.
src/pdi/components/layout/DashboardSidebar.tsx(318,92): error TS2322: Type 'Icon' is not assignable to type 'IconComponent | undefined'.
  Type 'ForwardRefExoticComponent<IconProps>' is not assignable to type 'FunctionComponent<{ className?: string | undefined; size?: string | number | undefined; weight?: string | undefined; }>'.
    Types of parameters 'props' and 'props' are incompatible.
      Type '{ className?: string | undefined; size?: string | number | undefined; weight?: string | undefined; }' is not assignable to type 'IconProps'.
        Types of property 'weight' are incompatible.
          Type 'string | undefined' is not assignable to type 'IconWeight | undefined'.
            Type 'string' is not assignable to type 'IconWeight | undefined'.
src/pdi/components/layout/DashboardSidebar.tsx(336,11): error TS2322: Type 'Icon' is not assignable to type 'IconComponent'.
  Type 'ForwardRefExoticComponent<IconProps>' is not assignable to type 'FunctionComponent<{ className?: string | undefined; size?: string | number | undefined; weight?: string | undefined; }>'.
    Types of parameters 'props' and 'props' are incompatible.
      Type '{ className?: string | undefined; size?: string | number | undefined; weight?: string | undefined; }' is not assignable to type 'IconProps'.
        Types of property 'weight' are incompatible.
          Type 'string | undefined' is not assignable to type 'IconWeight | undefined'.
            Type 'string' is not assignable to type 'IconWeight | undefined'.
src/pdi/components/layout/DashboardSidebar.tsx(337,11): error TS2322: Type '{ title: string; path: string; icon: Icon; }[]' is not assignable to type 'SubModule[]'.
  Type '{ title: string; path: string; icon: Icon; }' is not assignable to type 'SubModule'.
    Types of property 'icon' are incompatible.
      Type 'Icon' is not assignable to type 'IconComponent | undefined'.
        Type 'ForwardRefExoticComponent<IconProps>' is not assignable to type 'FunctionComponent<{ className?: string | undefined; size?: string | number | undefined; weight?: string | undefined; }>'.
          Types of parameters 'props' and 'props' are incompatible.
            Type '{ className?: string | undefined; size?: string | number | undefined; weight?: string | undefined; }' is not assignable to type 'IconProps'.
              Types of property 'weight' are incompatible.
                Type 'string | undefined' is not assignable to type 'IconWeight | undefined'.
                  Type 'string' is not assignable to type 'IconWeight | undefined'.
src/pdi/components/layout/DashboardSidebar.tsx(341,11): error TS2322: Type 'Icon' is not assignable to type 'IconComponent'.
  Type 'ForwardRefExoticComponent<IconProps>' is not assignable to type 'FunctionComponent<{ className?: string | undefined; size?: string | number | undefined; weight?: string | undefined; }>'.
    Types of parameters 'props' and 'props' are incompatible.
      Type '{ className?: string | undefined; size?: string | number | undefined; weight?: string | undefined; }' is not assignable to type 'IconProps'.
        Types of property 'weight' are incompatible.
          Type 'string | undefined' is not assignable to type 'IconWeight | undefined'.
            Type 'string' is not assignable to type 'IconWeight | undefined'.
src/pdi/components/layout/DashboardSidebar.tsx(350,11): error TS2322: Type 'Icon' is not assignable to type 'IconComponent'.
  Type 'ForwardRefExoticComponent<IconProps>' is not assignable to type 'FunctionComponent<{ className?: string | undefined; size?: string | number | undefined; weight?: string | undefined; }>'.
    Types of parameters 'props' and 'props' are incompatible.
      Type '{ className?: string | undefined; size?: string | number | undefined; weight?: string | undefined; }' is not assignable to type 'IconProps'.
        Types of property 'weight' are incompatible.
          Type 'string | undefined' is not assignable to type 'IconWeight | undefined'.
            Type 'string' is not assignable to type 'IconWeight | undefined'.
src/pdi/components/layout/DashboardSidebar.tsx(361,11): error TS2322: Type 'Icon' is not assignable to type 'IconComponent'.
  Type 'ForwardRefExoticComponent<IconProps>' is not assignable to type 'FunctionComponent<{ className?: string | undefined; size?: string | number | undefined; weight?: string | undefined; }>'.
    Types of parameters 'props' and 'props' are incompatible.
      Type '{ className?: string | undefined; size?: string | number | undefined; weight?: string | undefined; }' is not assignable to type 'IconProps'.
        Types of property 'weight' are incompatible.
          Type 'string | undefined' is not assignable to type 'IconWeight | undefined'.
            Type 'string' is not assignable to type 'IconWeight | undefined'.
src/pdi/components/layout/DashboardSidebar.tsx(372,11): error TS2322: Type 'Icon' is not assignable to type 'IconComponent'.
  Type 'ForwardRefExoticComponent<IconProps>' is not assignable to type 'FunctionComponent<{ className?: string | undefined; size?: string | number | undefined; weight?: string | undefined; }>'.
    Types of parameters 'props' and 'props' are incompatible.
      Type '{ className?: string | undefined; size?: string | number | undefined; weight?: string | undefined; }' is not assignable to type 'IconProps'.
        Types of property 'weight' are incompatible.
          Type 'string | undefined' is not assignable to type 'IconWeight | undefined'.
            Type 'string' is not assignable to type 'IconWeight | undefined'.
src/pdi/components/layout/DashboardSidebar.tsx(383,11): error TS2322: Type 'Icon' is not assignable to type 'IconComponent'.
  Type 'ForwardRefExoticComponent<IconProps>' is not assignable to type 'FunctionComponent<{ className?: string | undefined; size?: string | number | undefined; weight?: string | undefined; }>'.
    Types of parameters 'props' and 'props' are incompatible.
      Type '{ className?: string | undefined; size?: string | number | undefined; weight?: string | undefined; }' is not assignable to type 'IconProps'.
        Types of property 'weight' are incompatible.
          Type 'string | undefined' is not assignable to type 'IconWeight | undefined'.
            Type 'string' is not assignable to type 'IconWeight | undefined'.
src/pdi/components/layout/DashboardSidebar.tsx(444,11): error TS2322: Type 'Icon' is not assignable to type 'IconComponent'.
  Type 'ForwardRefExoticComponent<IconProps>' is not assignable to type 'FunctionComponent<{ className?: string | undefined; size?: string | number | undefined; weight?: string | undefined; }>'.
    Types of parameters 'props' and 'props' are incompatible.
      Type '{ className?: string | undefined; size?: string | number | undefined; weight?: string | undefined; }' is not assignable to type 'IconProps'.
        Types of property 'weight' are incompatible.
          Type 'string | undefined' is not assignable to type 'IconWeight | undefined'.
            Type 'string' is not assignable to type 'IconWeight | undefined'.
src/pdi/components/layout/DashboardSidebar.tsx(445,11): error TS2322: Type '{ title: string; path: string; icon: Icon; }[]' is not assignable to type 'SubModule[]'.
  Type '{ title: string; path: string; icon: Icon; }' is not assignable to type 'SubModule'.
    Types of property 'icon' are incompatible.
      Type 'Icon' is not assignable to type 'IconComponent | undefined'.
        Type 'ForwardRefExoticComponent<IconProps>' is not assignable to type 'FunctionComponent<{ className?: string | undefined; size?: string | number | undefined; weight?: string | undefined; }>'.
          Types of parameters 'props' and 'props' are incompatible.
            Type '{ className?: string | undefined; size?: string | number | undefined; weight?: string | undefined; }' is not assignable to type 'IconProps'.
              Types of property 'weight' are incompatible.
                Type 'string | undefined' is not assignable to type 'IconWeight | undefined'.
                  Type 'string' is not assignable to type 'IconWeight | undefined'.
src/pdi/components/layout/DashboardSidebar.tsx(449,11): error TS2322: Type 'Icon' is not assignable to type 'IconComponent'.
  Type 'ForwardRefExoticComponent<IconProps>' is not assignable to type 'FunctionComponent<{ className?: string | undefined; size?: string | number | undefined; weight?: string | undefined; }>'.
    Types of parameters 'props' and 'props' are incompatible.
      Type '{ className?: string | undefined; size?: string | number | undefined; weight?: string | undefined; }' is not assignable to type 'IconProps'.
        Types of property 'weight' are incompatible.
          Type 'string | undefined' is not assignable to type 'IconWeight | undefined'.
            Type 'string' is not assignable to type 'IconWeight | undefined'.
src/pdi/components/layout/DashboardSidebar.tsx(459,11): error TS2322: Type 'Icon' is not assignable to type 'IconComponent'.
  Type 'ForwardRefExoticComponent<IconProps>' is not assignable to type 'FunctionComponent<{ className?: string | undefined; size?: string | number | undefined; weight?: string | undefined; }>'.
    Types of parameters 'props' and 'props' are incompatible.
      Type '{ className?: string | undefined; size?: string | number | undefined; weight?: string | undefined; }' is not assignable to type 'IconProps'.
        Types of property 'weight' are incompatible.
          Type 'string | undefined' is not assignable to type 'IconWeight | undefined'.
            Type 'string' is not assignable to type 'IconWeight | undefined'.
src/pdi/components/layout/DashboardSidebar.tsx(467,11): error TS2322: Type 'Icon' is not assignable to type 'IconComponent'.
  Type 'ForwardRefExoticComponent<IconProps>' is not assignable to type 'FunctionComponent<{ className?: string | undefined; size?: string | number | undefined; weight?: string | undefined; }>'.
    Types of parameters 'props' and 'props' are incompatible.
      Type '{ className?: string | undefined; size?: string | number | undefined; weight?: string | undefined; }' is not assignable to type 'IconProps'.
        Types of property 'weight' are incompatible.
          Type 'string | undefined' is not assignable to type 'IconWeight | undefined'.
            Type 'string' is not assignable to type 'IconWeight | undefined'.
src/pdi/components/layout/DashboardSidebar.tsx(474,11): error TS2322: Type 'Icon' is not assignable to type 'IconComponent'.
  Type 'ForwardRefExoticComponent<IconProps>' is not assignable to type 'FunctionComponent<{ className?: string | undefined; size?: string | number | undefined; weight?: string | undefined; }>'.
    Types of parameters 'props' and 'props' are incompatible.
      Type '{ className?: string | undefined; size?: string | number | undefined; weight?: string | undefined; }' is not assignable to type 'IconProps'.
        Types of property 'weight' are incompatible.
          Type 'string | undefined' is not assignable to type 'IconWeight | undefined'.
            Type 'string' is not assignable to type 'IconWeight | undefined'.
src/pdi/components/layout/DashboardSidebar.tsx(484,11): error TS2322: Type 'Icon' is not assignable to type 'IconComponent'.
  Type 'ForwardRefExoticComponent<IconProps>' is not assignable to type 'FunctionComponent<{ className?: string | undefined; size?: string | number | undefined; weight?: string | undefined; }>'.
    Types of parameters 'props' and 'props' are incompatible.
      Type '{ className?: string | undefined; size?: string | number | undefined; weight?: string | undefined; }' is not assignable to type 'IconProps'.
        Types of property 'weight' are incompatible.
          Type 'string | undefined' is not assignable to type 'IconWeight | undefined'.
            Type 'string' is not assignable to type 'IconWeight | undefined'.
src/pdi/components/layout/DashboardSidebar.tsx(493,11): error TS2322: Type 'Icon' is not assignable to type 'IconComponent'.
  Type 'ForwardRefExoticComponent<IconProps>' is not assignable to type 'FunctionComponent<{ className?: string | undefined; size?: string | number | undefined; weight?: string | undefined; }>'.
    Types of parameters 'props' and 'props' are incompatible.
      Type '{ className?: string | undefined; size?: string | number | undefined; weight?: string | undefined; }' is not assignable to type 'IconProps'.
        Types of property 'weight' are incompatible.
          Type 'string | undefined' is not assignable to type 'IconWeight | undefined'.
            Type 'string' is not assignable to type 'IconWeight | undefined'.
src/pdi/components/layout/DashboardSidebar.tsx(504,11): error TS2322: Type 'Icon' is not assignable to type 'IconComponent'.
  Type 'ForwardRefExoticComponent<IconProps>' is not assignable to type 'FunctionComponent<{ className?: string | undefined; size?: string | number | undefined; weight?: string | undefined; }>'.
    Types of parameters 'props' and 'props' are incompatible.
      Type '{ className?: string | undefined; size?: string | number | undefined; weight?: string | undefined; }' is not assignable to type 'IconProps'.
        Types of property 'weight' are incompatible.
          Type 'string | undefined' is not assignable to type 'IconWeight | undefined'.
            Type 'string' is not assignable to type 'IconWeight | undefined'.
src/pdi/components/layout/DashboardSidebar.tsx(514,11): error TS2322: Type 'Icon' is not assignable to type 'IconComponent'.
  Type 'ForwardRefExoticComponent<IconProps>' is not assignable to type 'FunctionComponent<{ className?: string | undefined; size?: string | number | undefined; weight?: string | undefined; }>'.
    Types of parameters 'props' and 'props' are incompatible.
      Type '{ className?: string | undefined; size?: string | number | undefined; weight?: string | undefined; }' is not assignable to type 'IconProps'.
        Types of property 'weight' are incompatible.
          Type 'string | undefined' is not assignable to type 'IconWeight | undefined'.
            Type 'string' is not assignable to type 'IconWeight | undefined'.
src/pdi/components/layout/DashboardSidebar.tsx(516,92): error TS2322: Type 'Icon' is not assignable to type 'IconComponent | undefined'.
  Type 'ForwardRefExoticComponent<IconProps>' is not assignable to type 'FunctionComponent<{ className?: string | undefined; size?: string | number | undefined; weight?: string | undefined; }>'.
    Types of parameters 'props' and 'props' are incompatible.
      Type '{ className?: string | undefined; size?: string | number | undefined; weight?: string | undefined; }' is not assignable to type 'IconProps'.
        Types of property 'weight' are incompatible.
          Type 'string | undefined' is not assignable to type 'IconWeight | undefined'.
            Type 'string' is not assignable to type 'IconWeight | undefined'.
src/pdi/components/layout/DashboardSidebar.tsx(534,11): error TS2322: Type 'Icon' is not assignable to type 'IconComponent'.
  Type 'ForwardRefExoticComponent<IconProps>' is not assignable to type 'FunctionComponent<{ className?: string | undefined; size?: string | number | undefined; weight?: string | undefined; }>'.
    Types of parameters 'props' and 'props' are incompatible.
      Type '{ className?: string | undefined; size?: string | number | undefined; weight?: string | undefined; }' is not assignable to type 'IconProps'.
        Types of property 'weight' are incompatible.
          Type 'string | undefined' is not assignable to type 'IconWeight | undefined'.
            Type 'string' is not assignable to type 'IconWeight | undefined'.
src/pdi/components/layout/DashboardSidebar.tsx(535,11): error TS2322: Type '{ title: string; path: string; icon: Icon; }[]' is not assignable to type 'SubModule[]'.
  Type '{ title: string; path: string; icon: Icon; }' is not assignable to type 'SubModule'.
    Types of property 'icon' are incompatible.
      Type 'Icon' is not assignable to type 'IconComponent | undefined'.
        Type 'ForwardRefExoticComponent<IconProps>' is not assignable to type 'FunctionComponent<{ className?: string | undefined; size?: string | number | undefined; weight?: string | undefined; }>'.
          Types of parameters 'props' and 'props' are incompatible.
            Type '{ className?: string | undefined; size?: string | number | undefined; weight?: string | undefined; }' is not assignable to type 'IconProps'.
              Types of property 'weight' are incompatible.
                Type 'string | undefined' is not assignable to type 'IconWeight | undefined'.
                  Type 'string' is not assignable to type 'IconWeight | undefined'.
src/pdi/components/layout/DashboardSidebar.tsx(539,11): error TS2322: Type 'Icon' is not assignable to type 'IconComponent'.
  Type 'ForwardRefExoticComponent<IconProps>' is not assignable to type 'FunctionComponent<{ className?: string | undefined; size?: string | number | undefined; weight?: string | undefined; }>'.
    Types of parameters 'props' and 'props' are incompatible.
      Type '{ className?: string | undefined; size?: string | number | undefined; weight?: string | undefined; }' is not assignable to type 'IconProps'.
        Types of property 'weight' are incompatible.
          Type 'string | undefined' is not assignable to type 'IconWeight | undefined'.
            Type 'string' is not assignable to type 'IconWeight | undefined'.
src/pdi/components/layout/DashboardSidebar.tsx(546,11): error TS2322: Type 'Icon' is not assignable to type 'IconComponent'.
  Type 'ForwardRefExoticComponent<IconProps>' is not assignable to type 'FunctionComponent<{ className?: string | undefined; size?: string | number | undefined; weight?: string | undefined; }>'.
    Types of parameters 'props' and 'props' are incompatible.
      Type '{ className?: string | undefined; size?: string | number | undefined; weight?: string | undefined; }' is not assignable to type 'IconProps'.
        Types of property 'weight' are incompatible.
          Type 'string | undefined' is not assignable to type 'IconWeight | undefined'.
            Type 'string' is not assignable to type 'IconWeight | undefined'.
src/pdi/components/layout/DashboardSidebar.tsx(556,11): error TS2322: Type 'Icon' is not assignable to type 'IconComponent'.
  Type 'ForwardRefExoticComponent<IconProps>' is not assignable to type 'FunctionComponent<{ className?: string | undefined; size?: string | number | undefined; weight?: string | undefined; }>'.
    Types of parameters 'props' and 'props' are incompatible.
      Type '{ className?: string | undefined; size?: string | number | undefined; weight?: string | undefined; }' is not assignable to type 'IconProps'.
        Types of property 'weight' are incompatible.
          Type 'string | undefined' is not assignable to type 'IconWeight | undefined'.
            Type 'string' is not assignable to type 'IconWeight | undefined'.
src/pdi/components/layout/DashboardSidebar.tsx(566,11): error TS2322: Type 'Icon' is not assignable to type 'IconComponent'.
  Type 'ForwardRefExoticComponent<IconProps>' is not assignable to type 'FunctionComponent<{ className?: string | undefined; size?: string | number | undefined; weight?: string | undefined; }>'.
    Types of parameters 'props' and 'props' are incompatible.
      Type '{ className?: string | undefined; size?: string | number | undefined; weight?: string | undefined; }' is not assignable to type 'IconProps'.
        Types of property 'weight' are incompatible.
          Type 'string | undefined' is not assignable to type 'IconWeight | undefined'.
            Type 'string' is not assignable to type 'IconWeight | undefined'.
src/pdi/components/layout/DashboardSidebar.tsx(573,11): error TS2322: Type 'Icon' is not assignable to type 'IconComponent'.
  Type 'ForwardRefExoticComponent<IconProps>' is not assignable to type 'FunctionComponent<{ className?: string | undefined; size?: string | number | undefined; weight?: string | undefined; }>'.
    Types of parameters 'props' and 'props' are incompatible.
      Type '{ className?: string | undefined; size?: string | number | undefined; weight?: string | undefined; }' is not assignable to type 'IconProps'.
        Types of property 'weight' are incompatible.
          Type 'string | undefined' is not assignable to type 'IconWeight | undefined'.
            Type 'string' is not assignable to type 'IconWeight | undefined'.
src/pdi/components/layout/DashboardSidebar.tsx(581,11): error TS2322: Type 'Icon' is not assignable to type 'IconComponent'.
  Type 'ForwardRefExoticComponent<IconProps>' is not assignable to type 'FunctionComponent<{ className?: string | undefined; size?: string | number | undefined; weight?: string | undefined; }>'.
    Types of parameters 'props' and 'props' are incompatible.
      Type '{ className?: string | undefined; size?: string | number | undefined; weight?: string | undefined; }' is not assignable to type 'IconProps'.
        Types of property 'weight' are incompatible.
          Type 'string | undefined' is not assignable to type 'IconWeight | undefined'.
            Type 'string' is not assignable to type 'IconWeight | undefined'.
src/pdi/components/layout/DashboardSidebar.tsx(590,11): error TS2322: Type 'Icon' is not assignable to type 'IconComponent'.
  Type 'ForwardRefExoticComponent<IconProps>' is not assignable to type 'FunctionComponent<{ className?: string | undefined; size?: string | number | undefined; weight?: string | undefined; }>'.
    Types of parameters 'props' and 'props' are incompatible.
      Type '{ className?: string | undefined; size?: string | number | undefined; weight?: string | undefined; }' is not assignable to type 'IconProps'.
        Types of property 'weight' are incompatible.
          Type 'string | undefined' is not assignable to type 'IconWeight | undefined'.
            Type 'string' is not assignable to type 'IconWeight | undefined'.
src/pdi/components/layout/DashboardSidebar.tsx(600,11): error TS2322: Type 'Icon' is not assignable to type 'IconComponent'.
  Type 'ForwardRefExoticComponent<IconProps>' is not assignable to type 'FunctionComponent<{ className?: string | undefined; size?: string | number | undefined; weight?: string | undefined; }>'.
    Types of parameters 'props' and 'props' are incompatible.
      Type '{ className?: string | undefined; size?: string | number | undefined; weight?: string | undefined; }' is not assignable to type 'IconProps'.
        Types of property 'weight' are incompatible.
          Type 'string | undefined' is not assignable to type 'IconWeight | undefined'.
            Type 'string' is not assignable to type 'IconWeight | undefined'.
src/pdi/components/layout/DashboardSidebar.tsx(602,92): error TS2322: Type 'Icon' is not assignable to type 'IconComponent | undefined'.
  Type 'ForwardRefExoticComponent<IconProps>' is not assignable to type 'FunctionComponent<{ className?: string | undefined; size?: string | number | undefined; weight?: string | undefined; }>'.
    Types of parameters 'props' and 'props' are incompatible.
      Type '{ className?: string | undefined; size?: string | number | undefined; weight?: string | undefined; }' is not assignable to type 'IconProps'.
        Types of property 'weight' are incompatible.
          Type 'string | undefined' is not assignable to type 'IconWeight | undefined'.
            Type 'string' is not assignable to type 'IconWeight | undefined'.
src/pdi/components/MoocEvidenceForm.tsx(68,9): error TS2353: Object literal may only specify known properties, and 'required_error' does not exist in type '{ error?: string | $ZodErrorMap<$ZodIssueInvalidType<unknown>> | undefined; message?: string | undefined; }'.
src/pdi/components/MoocEvidenceForm.tsx(75,9): error TS2353: Object literal may only specify known properties, and 'required_error' does not exist in type '{ error?: string | $ZodErrorMap<$ZodIssueInvalidType<unknown>> | undefined; message?: string | undefined; }'.
src/pdi/components/MoocEvidenceForm.tsx(83,23): error TS2769: No overload matches this call.
  Overload 1 of 2, '(values: readonly ["yes", "no"], params?: string | { error?: string | $ZodErrorMap<$ZodIssueInvalidValue<unknown>> | undefined; message?: string | undefined; } | undefined): ZodEnum<...>', gave the following error.
    Object literal may only specify known properties, and 'required_error' does not exist in type '{ error?: string | $ZodErrorMap<$ZodIssueInvalidValue<unknown>> | undefined; message?: string | undefined; }'.
  Overload 2 of 2, '(entries: Readonly<Record<string, EnumValue>>, params?: string | { error?: string | $ZodErrorMap<$ZodIssueInvalidValue<unknown>> | undefined; message?: string | undefined; } | undefined): ZodEnum<...>', gave the following error.
    Argument of type 'string[]' is not assignable to parameter of type 'Readonly<Record<string, EnumValue>>'.
      Index signature for type 'string' is missing in type 'string[]'.
src/pdi/components/notifications/NotificationList.tsx(44,65): error TS2554: Expected 0 arguments, but got 1.
src/pdi/components/notifications/NotificationList.tsx(45,39): error TS2339: Property 'data' does not exist on type 'Notification[]'.
src/pdi/components/notifications/NotificationPreferences.tsx(53,47): error TS2339: Property 'getPreferences' does not exist on type '{ getNotifications(): Promise<Notification[]>; markAsRead(id: string): Promise<Notification>; markAllAsRead(): Promise<void>; deleteNotification(id: string): Promise<...>; }'.
src/pdi/components/notifications/NotificationPreferences.tsx(81,33): error TS2339: Property 'updatePreferences' does not exist on type '{ getNotifications(): Promise<Notification[]>; markAsRead(id: string): Promise<Notification>; markAllAsRead(): Promise<void>; deleteNotification(id: string): Promise<...>; }'.
src/pdi/components/survey/QuestionFormModal.tsx(86,13): error TS2322: Type 'string[]' is not assignable to type 'undefined'.
src/pdi/components/ui/calendar.tsx(45,9): error TS2353: Object literal may only specify known properties, and 'IconLeft' does not exist in type 'Partial<CustomComponents>'.
src/pdi/components/ui/card.tsx(8,6): error TS2322: Type '{ defaultChecked?: boolean | undefined; defaultValue?: string | number | readonly string[] | undefined; suppressContentEditableWarning?: boolean | undefined; suppressHydrationWarning?: boolean | undefined; ... 278 more ...; className: string; }' is not assignable to type 'Omit<HTMLMotionProps<"div">, "ref">'.
  Types of property 'onDrag' are incompatible.
    Type 'DragEventHandler<HTMLDivElement> | undefined' is not assignable to type '((event: MouseEvent | TouchEvent | PointerEvent, info: PanInfo) => void) | undefined'.
      Type 'DragEventHandler<HTMLDivElement>' is not assignable to type '(event: MouseEvent | TouchEvent | PointerEvent, info: PanInfo) => void'.
        Types of parameters 'event' and 'event' are incompatible.
          Type 'MouseEvent | TouchEvent | PointerEvent' is not assignable to type 'DragEvent<HTMLDivElement>'.
            Type 'MouseEvent' is missing the following properties from type 'DragEvent<HTMLDivElement>': dataTransfer, nativeEvent, isDefaultPrevented, isPropagationStopped, persist
